Archive member included to satisfy reference by file (symbol)

../Middlewares/ST/ARM/DSP/Lib/libarm_cortexM4lf_math.a(arm_const_structs.o)
                              CMakeFiles/templateDevelopment.elf.dir/myApplcation/MyFFT.cpp.obj (arm_cfft_sR_f32_len1024)
../Middlewares/ST/ARM/DSP/Lib/libarm_cortexM4lf_math.a(arm_common_tables.o)
                              ../Middlewares/ST/ARM/DSP/Lib/libarm_cortexM4lf_math.a(arm_const_structs.o) (realCoefBQ15)
../Middlewares/ST/ARM/DSP/Lib/libarm_cortexM4lf_math.a(arm_max_f32.o)
                              CMakeFiles/templateDevelopment.elf.dir/myApplcation/MyFFT.cpp.obj (arm_max_f32)
../Middlewares/ST/ARM/DSP/Lib/libarm_cortexM4lf_math.a(arm_cfft_f32.o)
                              CMakeFiles/templateDevelopment.elf.dir/myApplcation/MyFFT.cpp.obj (arm_cfft_f32)
../Middlewares/ST/ARM/DSP/Lib/libarm_cortexM4lf_math.a(arm_bitreversal2.o)
                              ../Middlewares/ST/ARM/DSP/Lib/libarm_cortexM4lf_math.a(arm_cfft_f32.o) (arm_bitreversal_32)
../Middlewares/ST/ARM/DSP/Lib/libarm_cortexM4lf_math.a(arm_cmplx_mag_f32.o)
                              CMakeFiles/templateDevelopment.elf.dir/myApplcation/MyFFT.cpp.obj (arm_cmplx_mag_f32)
../Middlewares/ST/ARM/DSP/Lib/libarm_cortexM4lf_math.a(arm_cfft_radix8_f32.o)
                              ../Middlewares/ST/ARM/DSP/Lib/libarm_cortexM4lf_math.a(arm_cfft_f32.o) (arm_radix8_butterfly_f32)
d:/programfiles/gnu arm embedded toolchain/10 2021.10/bin/../lib/gcc/arm-none-eabi/10.3.1/../../../../arm-none-eabi/lib/thumb/v7e-m+fp/hard\libstdc++.a(atexit_arm.o)
                              CMakeFiles/templateDevelopment.elf.dir/myApplcation/ESP.cpp.obj (__aeabi_atexit)
d:/programfiles/gnu arm embedded toolchain/10 2021.10/bin/../lib/gcc/arm-none-eabi/10.3.1/../../../../arm-none-eabi/lib/thumb/v7e-m+fp/hard\libstdc++.a(del_ops.o)
                              CMakeFiles/templateDevelopment.elf.dir/myApplcation/ESP.cpp.obj (operator delete(void*, unsigned int))
d:/programfiles/gnu arm embedded toolchain/10 2021.10/bin/../lib/gcc/arm-none-eabi/10.3.1/../../../../arm-none-eabi/lib/thumb/v7e-m+fp/hard\libstdc++.a(eh_arm.o)
                              CMakeFiles/templateDevelopment.elf.dir/myApplcation/ESP.cpp.obj (__cxa_end_cleanup)
d:/programfiles/gnu arm embedded toolchain/10 2021.10/bin/../lib/gcc/arm-none-eabi/10.3.1/../../../../arm-none-eabi/lib/thumb/v7e-m+fp/hard\libstdc++.a(eh_exception.o)
                              d:/programfiles/gnu arm embedded toolchain/10 2021.10/bin/../lib/gcc/arm-none-eabi/10.3.1/../../../../arm-none-eabi/lib/thumb/v7e-m+fp/hard\libstdc++.a(eh_arm.o) (typeinfo for __cxxabiv1::__forced_unwind)
d:/programfiles/gnu arm embedded toolchain/10 2021.10/bin/../lib/gcc/arm-none-eabi/10.3.1/../../../../arm-none-eabi/lib/thumb/v7e-m+fp/hard\libstdc++.a(eh_globals.o)
                              d:/programfiles/gnu arm embedded toolchain/10 2021.10/bin/../lib/gcc/arm-none-eabi/10.3.1/../../../../arm-none-eabi/lib/thumb/v7e-m+fp/hard\libstdc++.a(eh_arm.o) (__cxa_get_globals)
d:/programfiles/gnu arm embedded toolchain/10 2021.10/bin/../lib/gcc/arm-none-eabi/10.3.1/../../../../arm-none-eabi/lib/thumb/v7e-m+fp/hard\libstdc++.a(eh_personality.o)
                              CMakeFiles/templateDevelopment.elf.dir/myApplcation/ESP.cpp.obj (__gxx_personality_v0)
d:/programfiles/gnu arm embedded toolchain/10 2021.10/bin/../lib/gcc/arm-none-eabi/10.3.1/../../../../arm-none-eabi/lib/thumb/v7e-m+fp/hard\libstdc++.a(eh_terminate.o)
                              d:/programfiles/gnu arm embedded toolchain/10 2021.10/bin/../lib/gcc/arm-none-eabi/10.3.1/../../../../arm-none-eabi/lib/thumb/v7e-m+fp/hard\libstdc++.a(eh_arm.o) (std::terminate())
d:/programfiles/gnu arm embedded toolchain/10 2021.10/bin/../lib/gcc/arm-none-eabi/10.3.1/../../../../arm-none-eabi/lib/thumb/v7e-m+fp/hard\libstdc++.a(eh_unex_handler.o)
                              d:/programfiles/gnu arm embedded toolchain/10 2021.10/bin/../lib/gcc/arm-none-eabi/10.3.1/../../../../arm-none-eabi/lib/thumb/v7e-m+fp/hard\libstdc++.a(eh_terminate.o) (__cxxabiv1::__unexpected_handler)
d:/programfiles/gnu arm embedded toolchain/10 2021.10/bin/../lib/gcc/arm-none-eabi/10.3.1/../../../../arm-none-eabi/lib/thumb/v7e-m+fp/hard\libstdc++.a(new_op.o)
                              CMakeFiles/templateDevelopment.elf.dir/myApplcation/ESP.cpp.obj (operator new(unsigned int))
d:/programfiles/gnu arm embedded toolchain/10 2021.10/bin/../lib/gcc/arm-none-eabi/10.3.1/../../../../arm-none-eabi/lib/thumb/v7e-m+fp/hard\libstdc++.a(pure.o)
                              d:/programfiles/gnu arm embedded toolchain/10 2021.10/bin/../lib/gcc/arm-none-eabi/10.3.1/../../../../arm-none-eabi/lib/thumb/v7e-m+fp/hard\libstdc++.a(eh_exception.o) (__cxa_pure_virtual)
d:/programfiles/gnu arm embedded toolchain/10 2021.10/bin/../lib/gcc/arm-none-eabi/10.3.1/../../../../arm-none-eabi/lib/thumb/v7e-m+fp/hard\libstdc++.a(si_class_type_info.o)
[...]
Memory Configuration

Name             Origin             Length             Attributes
CCMRAM           0x10000000         0x00010000         xrw
RAM              0x20000000         0x00020000         xrw
FLASH            0x08000000         0x00100000         xr
*default*        0x00000000         0xffffffff

Linker script and memory map

LOAD d:/programfiles/gnu arm embedded toolchain/10 2021.10/bin/../lib/gcc/arm-none-eabi/10.3.1/thumb/v7e-m+fp/hard/crti.o
LOAD d:/programfiles/gnu arm embedded toolchain/10 2021.10/bin/../lib/gcc/arm-none-eabi/10.3.1/thumb/v7e-m+fp/hard/crtbegin.o
LOAD d:/programfiles/gnu arm embedded toolchain/10 2021.10/bin/../lib/gcc/arm-none-eabi/10.3.1/../../../../arm-none-eabi/lib/thumb/v7e-m+fp/hard/crt0.o
LOAD CMakeFiles/templateDevelopment.elf.dir/BSP/24cxx.c.obj
LOAD CMakeFiles/templateDevelopment.elf.dir/BSP/ctiic.c.obj
LOAD CMakeFiles/templateDevelopment.elf.dir/BSP/delay.c.obj
LOAD CMakeFiles/templateDevelopment.elf.dir/BSP/ft5206.c.obj
LOAD CMakeFiles/templateDevelopment.elf.dir/BSP/gt9xxx.c.obj
LOAD CMakeFiles/templateDevelopment.elf.dir/BSP/myiic.c.obj
LOAD CMakeFiles/templateDevelopment.elf.dir/BSP/sys.c.obj
LOAD CMakeFiles/templateDevelopment.elf.dir/BSP/touch.c.obj
LOAD CMakeFiles/templateDevelopment.elf.dir/Core/Src/adc.c.obj
LOAD CMakeFiles/templateDevelopment.elf.dir/Core/Src/dac.c.obj
LOAD CMakeFiles/templateDevelopment.elf.dir/Core/Src/dma.c.obj
LOAD CMakeFiles/templateDevelopment.elf.dir/Core/Src/fsmc.c.obj
LOAD CMakeFiles/templateDevelopment.elf.dir/Core/Src/gpio.c.obj
LOAD CMakeFiles/templateDevelopment.elf.dir/Core/Src/main.c.obj
LOAD CMakeFiles/templateDevelopment.elf.dir/Core/Src/stm32f4xx_hal_msp.c.obj
LOAD CMakeFiles/templateDevelopment.elf.dir/Core/Src/stm32f4xx_it.c.obj
LOAD CMakeFiles/templateDevelopment.elf.dir/Core/Src/syscalls.c.obj
LOAD CMakeFiles/templateDevelopment.elf.dir/Core/Src/sysmem.c.obj
LOAD CMakeFiles/templateDevelopment.elf.dir/Core/Src/system_stm32f4xx.c.obj
LOAD CMakeFiles/templateDevelopment.elf.dir/Core/Src/tim.c.obj
LOAD CMakeFiles/templateDevelopment.elf.dir/Core/Src/usart.c.obj
LOAD CMakeFiles/templateDevelopment.elf.dir/Core/Startup/startup_stm32f407zgtx.s.obj
LOAD CMakeFiles/templateDevelopment.elf.dir/Drivers/STM32F4xx_HAL_Driver/Src/stm32f4xx_hal.c.obj
LOAD CMakeFiles/templateDevelopment.elf.dir/Drivers/STM32F4xx_HAL_Driver/Src/stm32f4xx_hal_adc.c.obj
LOAD CMakeFiles/templateDevelopment.elf.dir/Drivers/STM32F4xx_HAL_Driver/Src/stm32f4xx_hal_adc_ex.c.obj
LOAD CMakeFiles/templateDevelopment.elf.dir/Drivers/STM32F4xx_HAL_Driver/Src/stm32f4xx_hal_cortex.c.obj
LOAD CMakeFiles/templateDevelopment.elf.dir/Drivers/STM32F4xx_HAL_Driver/Src/stm32f4xx_hal_dac.c.obj
LOAD CMakeFiles/templateDevelopment.elf.dir/Drivers/STM32F4xx_HAL_Driver/Src/stm32f4xx_hal_dac_ex.c.obj
LOAD CMakeFiles/templateDevelopment.elf.dir/Drivers/STM32F4xx_HAL_Driver/Src/stm32f4xx_hal_dma.c.obj
LOAD CMakeFiles/templateDevelopment.elf.dir/Drivers/STM32F4xx_HAL_Driver/Src/stm32f4xx_hal_dma_ex.c.obj
LOAD CMakeFiles/templateDevelopment.elf.dir/Drivers/STM32F4xx_HAL_Driver/Src/stm32f4xx_hal_exti.c.obj
LOAD CMakeFiles/templateDevelopment.elf.dir/Drivers/STM32F4xx_HAL_Driver/Src/stm32f4xx_hal_flash.c.obj
LOAD CMakeFiles/templateDevelopment.elf.dir/Drivers/STM32F4xx_HAL_Driver/Src/stm32f4xx_hal_flash_ex.c.obj
LOAD CMakeFiles/templateDevelopment.elf.dir/Drivers/STM32F4xx_HAL_Driver/Src/stm32f4xx_hal_flash_ramfunc.c.obj
LOAD CMakeFiles/templateDevelopment.elf.dir/Drivers/STM32F4xx_HAL_Driver/Src/stm32f4xx_hal_gpio.c.obj
LOAD CMakeFiles/templateDevelopment.elf.dir/Drivers/STM32F4xx_HAL_Driver/Src/stm32f4xx_hal_pwr.c.obj
LOAD CMakeFiles/templateDevelopment.elf.dir/Drivers/STM32F4xx_HAL_Driver/Src/stm32f4xx_hal_pwr_ex.c.obj
LOAD CMakeFiles/templateDevelopment.elf.dir/Drivers/STM32F4xx_HAL_Driver/Src/stm32f4xx_hal_rcc.c.obj
LOAD CMakeFiles/templateDevelopment.elf.dir/Drivers/STM32F4xx_HAL_Driver/Src/stm32f4xx_hal_rcc_ex.c.obj
LOAD CMakeFiles/templateDevelopment.elf.dir/Drivers/STM32F4xx_HAL_Driver/Src/stm32f4xx_hal_sram.c.obj
LOAD CMakeFiles/templateDevelopment.elf.dir/Drivers/STM32F4xx_HAL_Driver/Src/stm32f4xx_hal_tim.c.obj
LOAD CMakeFiles/templateDevelopment.elf.dir/Drivers/STM32F4xx_HAL_Driver/Src/stm32f4xx_hal_tim_ex.c.obj
LOAD CMakeFiles/templateDevelopment.elf.dir/Drivers/STM32F4xx_HAL_Driver/Src/stm32f4xx_hal_uart.c.obj
LOAD CMakeFiles/templateDevelopment.elf.dir/Drivers/STM32F4xx_HAL_Driver/Src/stm32f4xx_ll_adc.c.obj
LOAD CMakeFiles/templateDevelopment.elf.dir/Drivers/STM32F4xx_HAL_Driver/Src/stm32f4xx_ll_fsmc.c.obj
LOAD CMakeFiles/templateDevelopment.elf.dir/LCD/lcd.c.obj
LOAD CMakeFiles/templateDevelopment.elf.dir/Middlewares/FreeRTOS/croutine.c.obj
LOAD CMakeFiles/templateDevelopment.elf.dir/Middlewares/FreeRTOS/event_groups.c.obj
LOAD CMakeFiles/templateDevelopment.elf.dir/Middlewares/FreeRTOS/list.c.obj
LOAD CMakeFiles/templateDevelopment.elf.dir/Middlewares/FreeRTOS/portable/MemMang/heap_4.c.obj
LOAD CMakeFiles/templateDevelopment.elf.dir/Middlewares/FreeRTOS/portable/RVDS/ARM_CM4F/port.c.obj
LOAD CMakeFiles/templateDevelopment.elf.dir/Middlewares/FreeRTOS/queue.c.obj
LOAD CMakeFiles/templateDevelopment.elf.dir/Middlewares/FreeRTOS/stream_buffer.c.obj
LOAD CMakeFiles/templateDevelopment.elf.dir/Middlewares/FreeRTOS/tasks.c.obj
LOAD CMakeFiles/templateDevelopment.elf.dir/Middlewares/FreeRTOS/timers.c.obj
LOAD CMakeFiles/templateDevelopment.elf.dir/myApplcation/ESP.cpp.obj
LOAD CMakeFiles/templateDevelopment.elf.dir/myApplcation/LED.cpp.obj
LOAD CMakeFiles/templateDevelopment.elf.dir/myApplcation/MyADC_cpp.cpp.obj
LOAD CMakeFiles/templateDevelopment.elf.dir/myApplcation/MyDAC.cpp.obj
LOAD CMakeFiles/templateDevelopment.elf.dir/myApplcation/MyFFT.cpp.obj
LOAD CMakeFiles/templateDevelopment.elf.dir/myApplcation/MyKey.cpp.obj
LOAD CMakeFiles/templateDevelopment.elf.dir/myApplcation/MyLCD.cpp.obj
LOAD CMakeFiles/templateDevelopment.elf.dir/myApplcation/MyUsart.cpp.obj
LOAD CMakeFiles/templateDevelopment.elf.dir/myApplcation/Mymain.cpp.obj
LOAD CMakeFiles/templateDevelopment.elf.dir/myApplcation/freertos_demo.c.obj
LOAD CMakeFiles/templateDevelopment.elf.dir/myApplcation/myAdc.c.obj
LOAD CMakeFiles/templateDevelopment.elf.dir/myApplcation/seriall_Port.c.obj
LOAD ../Middlewares/ST/ARM/DSP/Lib/libarm_cortexM4lf_math.a
LOAD d:/programfiles/gnu arm embedded toolchain/10 2021.10/bin/../lib/gcc/arm-none-eabi/10.3.1/../../../../arm-none-eabi/lib/thumb/v7e-m+fp/hard\libstdc++.a
LOAD d:/programfiles/gnu arm embedded toolchain/10 2021.10/bin/../lib/gcc/arm-none-eabi/10.3.1/../../../../arm-none-eabi/lib/thumb/v7e-m+fp/hard\libm.a
START GROUP
LOAD d:/programfiles/gnu arm embedded toolchain/10 2021.10/bin/../lib/gcc/arm-none-eabi/10.3.1/thumb/v7e-m+fp/hard\libgcc.a
LOAD d:/programfiles/gnu arm embedded toolchain/10 2021.10/bin/../lib/gcc/arm-none-eabi/10.3.1/../../../../arm-none-eabi/lib/thumb/v7e-m+fp/hard\libg.a
LOAD d:/programfiles/gnu arm embedded toolchain/10 2021.10/bin/../lib/gcc/arm-none-eabi/10.3.1/../../../../arm-none-eabi/lib/thumb/v7e-m+fp/hard\libc.a
END GROUP
LOAD d:/programfiles/gnu arm embedded toolchain/10 2021.10/bin/../lib/gcc/arm-none-eabi/10.3.1/thumb/v7e-m+fp/hard/crtend.o
LOAD d:/programfiles/gnu arm embedded toolchain/10 2021.10/bin/../lib/gcc/arm-none-eabi/10.3.1/thumb/v7e-m+fp/hard/crtn.o
                0x20020000                _estack = (ORIGIN (RAM) + LENGTH (RAM))
                0x00000200                _Min_Heap_Size = 0x200
                0x00000400                _Min_Stack_Size = 0x400

.isr_vector     0x08000000      0x188
                0x08000000                . = ALIGN (0x4)
 *(.isr_vector)
 .isr_vector    0x08000000      0x188 CMakeFiles/templateDevelopment.elf.dir/Core/Startup/startup_stm32f407zgtx.s.obj
                0x08000000                g_pfnVectors
                0x08000188                . = ALIGN (0x4)

.text           0x080001c0    0x156e0
                0x080001c0                . = ALIGN (0x4)
 *(.text)
 .text          0x080001c0       0x40 d:/programfiles/gnu arm embedded toolchain/10 2021.10/bin/../lib/gcc/arm-none-eabi/10.3.1/thumb/v7e-m+fp/hard/crtbegin.o
 .text          0x08000200     0x5ee4 d:/programfiles/gnu arm embedded toolchain/10 2021.10/bin/../lib/gcc/arm-none-eabi/10.3.1/../../../../arm-none-eabi/lib/thumb/v7e-m+fp/hard\libstdc++.a(cp-demangle.o)
                0x08005ffc                __cxa_demangle
                0x080060c0                __gcclibcxx_demangle_callback
 .text          0x080060e4      0x378 d:/programfiles/gnu arm embedded toolchain/10 2021.10/bin/../lib/gcc/arm-none-eabi/10.3.1/thumb/v7e-m+fp/hard\libgcc.a(_arm_addsubdf3.o)
                0x080060e4                __aeabi_drsub
                0x080060ec                __aeabi_dsub
                0x080060ec                __subdf3
                0x080060f0                __aeabi_dadd
                0x080060f0                __adddf3
                0x08006368                __floatunsidf
                0x08006368                __aeabi_ui2d
                0x08006388                __floatsidf
                0x08006388                __aeabi_i2d
                0x080063ac                __aeabi_f2d
                0x080063ac                __extendsfdf2
                0x080063f0                __floatundidf
                0x080063f0                __aeabi_ul2d
                0x08006400                __floatdidf
                0x08006400                __aeabi_l2d
 .text          0x0800645c      0x424 d:/programfiles/gnu arm embedded toolchain/10 2021.10/bin/../lib/gcc/arm-none-eabi/10.3.1/thumb/v7e-m+fp/hard\libgcc.a(_arm_muldivdf3.o)
                0x0800645c                __aeabi_dmul
                0x0800645c                __muldf3
                0x080066b0                __divdf3
                0x080066b0                __aeabi_ddiv
 .text          0x08006880      0x110 d:/programfiles/gnu arm embedded toolchain/10 2021.10/bin/../lib/gcc/arm-none-eabi/10.3.1/thumb/v7e-m+fp/hard\libgcc.a(_arm_cmpdf2.o)
                0x08006880                __gtdf2
                0x08006880                __gedf2
                0x08006888                __ltdf2
                0x08006888                __ledf2
                0x08006890                __nedf2
                0x08006890                __eqdf2
                0x08006890                __cmpdf2
                0x0800690c                __aeabi_cdrcmple
                0x0800691c                __aeabi_cdcmpeq
                0x0800691c                __aeabi_cdcmple
                0x0800692c                __aeabi_dcmpeq
                0x08006940                __aeabi_dcmplt
                0x08006954                __aeabi_dcmple
                0x08006968                __aeabi_dcmpge
                0x0800697c                __aeabi_dcmpgt
 .text          0x08006990       0x30 d:/programfiles/gnu arm embedded toolchain/10 2021.10/bin/../lib/gcc/arm-none-eabi/10.3.1/thumb/v7e-m+fp/hard\libgcc.a(_aeabi_uldivmod.o)
                0x08006990                __aeabi_uldivmod
 .text          0x080069c0      0x2d0 d:/programfiles/gnu arm embedded toolchain/10 2021.10/bin/../lib/gcc/arm-none-eabi/10.3.1/thumb/v7e-m+fp/hard\libgcc.a(_udivmoddi4.o)
                0x080069c0                __udivmoddi4
 .text          0x08006c90      0x9d8 d:/programfiles/gnu arm embedded toolchain/10 2021.10/bin/../lib/gcc/arm-none-eabi/10.3.1/thumb/v7e-m+fp/hard\libgcc.a(unwind-arm.o)
                0x08006f38                _Unwind_GetCFA
                0x08006f3c                __gnu_Unwind_RaiseException
                0x08006fa4                __gnu_Unwind_ForcedUnwind
                0x08006fb4                __gnu_Unwind_Resume
                0x08006ff8                __gnu_Unwind_Resume_or_Rethrow
                0x08007008                _Unwind_Complete
                0x0800700c                _Unwind_DeleteException
                0x08007018                _Unwind_VRS_Get
                0x08007064                _Unwind_VRS_Set
                0x080070ac                __gnu_Unwind_Backtrace
                0x080073d8                __aeabi_unwind_cpp_pr0
                0x080073dc                __aeabi_unwind_cpp_pr1
                0x080073e0                __aeabi_unwind_cpp_pr2
                0x080073e4                _Unwind_VRS_Pop
 .text          0x08007668      0x1ac d:/programfiles/gnu arm embedded toolchain/10 2021.10/bin/../lib/gcc/arm-none-eabi/10.3.1/thumb/v7e-m+fp/hard\libgcc.a(libunwind.o)
                0x08007668                __restore_core_regs
                0x08007668                restore_core_regs
                0x08007680                __gnu_Unwind_Restore_VFP
                0x08007688                __gnu_Unwind_Save_VFP
                0x08007690                __gnu_Unwind_Restore_VFP_D
                0x08007698                __gnu_Unwind_Save_VFP_D
                0x080076a0                __gnu_Unwind_Restore_VFP_D_16_to_31
                0x080076a8                __gnu_Unwind_Save_VFP_D_16_to_31
                0x080076b0                __gnu_Unwind_Restore_WMMXD
                0x080076f4                __gnu_Unwind_Save_WMMXD
                0x08007738                __gnu_Unwind_Restore_WMMXC
                0x0800774c                __gnu_Unwind_Save_WMMXC
                0x08007760                ___Unwind_RaiseException
                0x08007760                _Unwind_RaiseException
                0x08007784                _Unwind_Resume
                0x08007784                ___Unwind_Resume
                0x080077a8                _Unwind_Resume_or_Rethrow
                0x080077a8                ___Unwind_Resume_or_Rethrow
                0x080077cc                _Unwind_ForcedUnwind
                0x080077cc                ___Unwind_ForcedUnwind
                0x080077f0                ___Unwind_Backtrace
                0x080077f0                _Unwind_Backtrace
 .text          0x08007814      0x350 d:/programfiles/gnu arm embedded toolchain/10 2021.10/bin/../lib/gcc/arm-none-eabi/10.3.1/thumb/v7e-m+fp/hard\libgcc.a(pr-support.o)
                0x0800786c                __gnu_unwind_execute
                0x08007b18                __gnu_unwind_frame
                0x08007b44                _Unwind_GetRegionStart
                0x08007b50                _Unwind_GetLanguageSpecificData
 .text          0x08007b64        0x4 d:/programfiles/gnu arm embedded toolchain/10 2021.10/bin/../lib/gcc/arm-none-eabi/10.3.1/thumb/v7e-m+fp/hard\libgcc.a(_dvmd_tls.o)
                0x08007b64                __aeabi_idiv0
                0x08007b64                __aeabi_ldiv0
 *fill*         0x08007b68        0x8 
 .text          0x08007b70       0xa0 d:/programfiles/gnu arm embedded toolchain/10 2021.10/bin/../lib/gcc/arm-none-eabi/10.3.1/../../../../arm-none-eabi/lib/thumb/v7e-m+fp/hard\libg.a(lib_a-memchr.o)
                0x08007b70                memchr
 .text          0x08007c10      0x134 d:/programfiles/gnu arm embedded toolchain/10 2021.10/bin/../lib/gcc/arm-none-eabi/10.3.1/../../../../arm-none-eabi/lib/thumb/v7e-m+fp/hard\libg.a(lib_a-memcpy.o)
                0x08007c10                memcpy
 *fill*         0x08007d44       0x1c 
 .text          0x08007d60      0x2dc d:/programfiles/gnu arm embedded toolchain/10 2021.10/bin/../lib/gcc/arm-none-eabi/10.3.1/../../../../arm-none-eabi/lib/thumb/v7e-m+fp/hard\libg.a(lib_a-strcmp.o)
                0x08007d68                strcmp
 *fill*         0x0800803c        0x4 
 .text          0x08008040       0xdc d:/programfiles/gnu arm embedded toolchain/10 2021.10/bin/../lib/gcc/arm-none-eabi/10.3.1/../../../../arm-none-eabi/lib/thumb/v7e-m+fp/hard\libg.a(lib_a-strlen.o)
                0x08008040                strlen
 .text          0x0800811c       0x2c d:/programfiles/gnu arm embedded toolchain/10 2021.10/bin/../lib/gcc/arm-none-eabi/10.3.1/thumb/v7e-m+fp/hard\libgcc.a(_arm_unorddf2.o)
                0x0800811c                __unorddf2
                0x0800811c                __aeabi_dcmpun
 .text          0x08008148       0x50 d:/programfiles/gnu arm embedded toolchain/10 2021.10/bin/../lib/gcc/arm-none-eabi/10.3.1/thumb/v7e-m+fp/hard\libgcc.a(_arm_fixdfsi.o)
                0x08008148                __aeabi_d2iz
                0x08008148                __fixdfsi
 *(.text*)
 .text.SysTick_Handler
                0x08008198       0x16 CMakeFiles/templateDevelopment.elf.dir/BSP/delay.c.obj
                0x08008198                SysTick_Handler
 *fill*         0x080081ae        0x2 
 .text.MX_ADC1_Init
                0x080081b0       0x74 CMakeFiles/templateDevelopment.elf.dir/Core/Src/adc.c.obj
                0x080081b0                MX_ADC1_Init
 .text.HAL_ADC_MspInit
                0x08008224       0xc0 CMakeFiles/templateDevelopment.elf.dir/Core/Src/adc.c.obj
                0x08008224                HAL_ADC_MspInit
 .text.MX_DAC_Init
                0x080082e4       0x40 CMakeFiles/templateDevelopment.elf.dir/Core/Src/dac.c.obj
                0x080082e4                MX_DAC_Init
 .text.HAL_DAC_MspInit
                0x08008324       0x68 CMakeFiles/templateDevelopment.elf.dir/Core/Src/dac.c.obj
                0x08008324                HAL_DAC_MspInit
 .text.MX_DMA_Init
                0x0800838c       0x88 CMakeFiles/templateDevelopment.elf.dir/Core/Src/dma.c.obj
                0x0800838c                MX_DMA_Init
 .text.HAL_FSMC_MspInit
                0x08008414       0xb4 CMakeFiles/templateDevelopment.elf.dir/Core/Src/fsmc.c.obj
 .text.MX_FSMC_Init
                0x080084c8       0x90 CMakeFiles/templateDevelopment.elf.dir/Core/Src/fsmc.c.obj
                0x080084c8                MX_FSMC_Init
 .text.HAL_SRAM_MspInit
                0x08008558        0x8 CMakeFiles/templateDevelopment.elf.dir/Core/Src/fsmc.c.obj
                0x08008558                HAL_SRAM_MspInit
 .text.MX_GPIO_Init
                0x08008560      0x130 CMakeFiles/templateDevelopment.elf.dir/Core/Src/gpio.c.obj
                0x08008560                MX_GPIO_Init
 .text.HAL_UART_RxCpltCallback
                0x08008690        0x2 CMakeFiles/templateDevelopment.elf.dir/Core/Src/main.c.obj
                0x08008690                HAL_UART_RxCpltCallback
 .text.Error_Handler
                0x08008692        0x4 CMakeFiles/templateDevelopment.elf.dir/Core/Src/main.c.obj
                0x08008692                Error_Handler
 *fill*         0x08008696        0x2 
 .text.SystemClock_Config
                0x08008698       0xa8 CMakeFiles/templateDevelopment.elf.dir/Core/Src/main.c.obj
                0x08008698                SystemClock_Config
 .text.main     0x08008740       0x68 CMakeFiles/templateDevelopment.elf.dir/Core/Src/main.c.obj
                0x08008740                main
 .text.HAL_MspInit
                0x080087a8       0x38 CMakeFiles/templateDevelopment.elf.dir/Core/Src/stm32f4xx_hal_msp.c.obj
                0x080087a8                HAL_MspInit
 .text.NMI_Handler
                0x080087e0        0x2 CMakeFiles/templateDevelopment.elf.dir/Core/Src/stm32f4xx_it.c.obj
                0x080087e0                NMI_Handler
 .text.HardFault_Handler
                0x080087e2        0x2 CMakeFiles/templateDevelopment.elf.dir/Core/Src/stm32f4xx_it.c.obj
                0x080087e2                HardFault_Handler
 .text.MemManage_Handler
                0x080087e4        0x2 CMakeFiles/templateDevelopment.elf.dir/Core/Src/stm32f4xx_it.c.obj
                0x080087e4                MemManage_Handler
 .text.BusFault_Handler
                0x080087e6        0x2 CMakeFiles/templateDevelopment.elf.dir/Core/Src/stm32f4xx_it.c.obj
                0x080087e6                BusFault_Handler
 .text.UsageFault_Handler
                0x080087e8        0x2 CMakeFiles/templateDevelopment.elf.dir/Core/Src/stm32f4xx_it.c.obj
                0x080087e8                UsageFault_Handler
 .text.DebugMon_Handler
                0x080087ea        0x2 CMakeFiles/templateDevelopment.elf.dir/Core/Src/stm32f4xx_it.c.obj
                0x080087ea                DebugMon_Handler
 .text.DMA1_Stream1_IRQHandler
                0x080087ec       0x10 CMakeFiles/templateDevelopment.elf.dir/Core/Src/stm32f4xx_it.c.obj
                0x080087ec                DMA1_Stream1_IRQHandler
 .text.DMA1_Stream3_IRQHandler
                0x080087fc       0x10 CMakeFiles/templateDevelopment.elf.dir/Core/Src/stm32f4xx_it.c.obj
                0x080087fc                DMA1_Stream3_IRQHandler
 .text.ADC_IRQHandler
                0x0800880c       0x10 CMakeFiles/templateDevelopment.elf.dir/Core/Src/stm32f4xx_it.c.obj
                0x0800880c                ADC_IRQHandler
 .text.USART1_IRQHandler
                0x0800881c       0x18 CMakeFiles/templateDevelopment.elf.dir/Core/Src/stm32f4xx_it.c.obj
                0x0800881c                USART1_IRQHandler
 .text.USART3_IRQHandler
                0x08008834       0x10 CMakeFiles/templateDevelopment.elf.dir/Core/Src/stm32f4xx_it.c.obj
                0x08008834                USART3_IRQHandler
 .text.DMA2_Stream0_IRQHandler
                0x08008844       0x10 CMakeFiles/templateDevelopment.elf.dir/Core/Src/stm32f4xx_it.c.obj
                0x08008844                DMA2_Stream0_IRQHandler
 .text.DMA2_Stream2_IRQHandler
                0x08008854       0x10 CMakeFiles/templateDevelopment.elf.dir/Core/Src/stm32f4xx_it.c.obj
                0x08008854                DMA2_Stream2_IRQHandler
 .text.DMA2_Stream7_IRQHandler
                0x08008864       0x10 CMakeFiles/templateDevelopment.elf.dir/Core/Src/stm32f4xx_it.c.obj
                0x08008864                DMA2_Stream7_IRQHandler
 .text._getpid  0x08008874        0x4 CMakeFiles/templateDevelopment.elf.dir/Core/Src/syscalls.c.obj
                0x08008874                _getpid
 .text._kill    0x08008878       0x10 CMakeFiles/templateDevelopment.elf.dir/Core/Src/syscalls.c.obj
                0x08008878                _kill
 .text._exit    0x08008888        0xc CMakeFiles/templateDevelopment.elf.dir/Core/Src/syscalls.c.obj
                0x08008888                _exit
 .text._read    0x08008894       0x20 CMakeFiles/templateDevelopment.elf.dir/Core/Src/syscalls.c.obj
                0x08008894                _read
 .text._write   0x080088b4       0x1c CMakeFiles/templateDevelopment.elf.dir/Core/Src/syscalls.c.obj
                0x080088b4                _write
 .text._close   0x080088d0        0x6 CMakeFiles/templateDevelopment.elf.dir/Core/Src/syscalls.c.obj
                0x080088d0                _close
 .text._fstat   0x080088d6        0xa CMakeFiles/templateDevelopment.elf.dir/Core/Src/syscalls.c.obj
                0x080088d6                _fstat
 .text._isatty  0x080088e0        0x4 CMakeFiles/templateDevelopment.elf.dir/Core/Src/syscalls.c.obj
                0x080088e0                _isatty
 .text._lseek   0x080088e4        0x4 CMakeFiles/templateDevelopment.elf.dir/Core/Src/syscalls.c.obj
                0x080088e4                _lseek
 .text._sbrk    0x080088e8       0x48 CMakeFiles/templateDevelopment.elf.dir/Core/Src/sysmem.c.obj
                0x080088e8                _sbrk
 .text.SystemInit
                0x08008930       0x14 CMakeFiles/templateDevelopment.elf.dir/Core/Src/system_stm32f4xx.c.obj
                0x08008930                SystemInit
 .text.MX_TIM3_Init
                0x08008944       0x70 CMakeFiles/templateDevelopment.elf.dir/Core/Src/tim.c.obj
                0x08008944                MX_TIM3_Init
 .text.HAL_TIM_Base_MspInit
                0x080089b4       0x30 CMakeFiles/templateDevelopment.elf.dir/Core/Src/tim.c.obj
                0x080089b4                HAL_TIM_Base_MspInit
 .text.MX_USART1_UART_Init
                0x080089e4       0x34 CMakeFiles/templateDevelopment.elf.dir/Core/Src/usart.c.obj
                0x080089e4                MX_USART1_UART_Init
 .text.MX_USART3_UART_Init
                0x08008a18       0x34 CMakeFiles/templateDevelopment.elf.dir/Core/Src/usart.c.obj
                0x08008a18                MX_USART3_UART_Init
 .text.HAL_UART_MspInit
                0x08008a4c      0x1d8 CMakeFiles/templateDevelopment.elf.dir/Core/Src/usart.c.obj
                0x08008a4c                HAL_UART_MspInit
 .text.Reset_Handler
                0x08008c24       0x50 CMakeFiles/templateDevelopment.elf.dir/Core/Startup/startup_stm32f407zgtx.s.obj
                0x08008c24                Reset_Handler
 .text.Default_Handler
                0x08008c74        0x2 CMakeFiles/templateDevelopment.elf.dir/Core/Startup/startup_stm32f407zgtx.s.obj
                0x08008c74                RTC_Alarm_IRQHandler
                0x08008c74                HASH_RNG_IRQHandler
                0x08008c74                EXTI2_IRQHandler
                0x08008c74                TIM8_CC_IRQHandler
                0x08008c74                TIM1_CC_IRQHandler
                0x08008c74                DMA2_Stream5_IRQHandler
                0x08008c74                DMA1_Stream5_IRQHandler
                0x08008c74                PVD_IRQHandler
                0x08008c74                SDIO_IRQHandler
                0x08008c74                TAMP_STAMP_IRQHandler
                0x08008c74                CAN2_RX1_IRQHandler
                0x08008c74                EXTI3_IRQHandler
                0x08008c74                TIM8_TRG_COM_TIM14_IRQHandler
                0x08008c74                TIM1_UP_TIM10_IRQHandler
                0x08008c74                TIM8_UP_TIM13_IRQHandler
                0x08008c74                I2C3_ER_IRQHandler
                0x08008c74                EXTI0_IRQHandler
                0x08008c74                I2C2_EV_IRQHandler
                0x08008c74                DMA1_Stream2_IRQHandler
                0x08008c74                CAN1_RX0_IRQHandler
                0x08008c74                FPU_IRQHandler
                0x08008c74                OTG_HS_WKUP_IRQHandler
                0x08008c74                CAN2_SCE_IRQHandler
                0x08008c74                SPI1_IRQHandler
                0x08008c74                TIM6_DAC_IRQHandler
                0x08008c74                TIM1_BRK_TIM9_IRQHandler
                0x08008c74                DCMI_IRQHandler
                0x08008c74                CAN2_RX0_IRQHandler
                0x08008c74                DMA2_Stream3_IRQHandler
                0x08008c74                USART6_IRQHandler
                0x08008c74                CAN1_RX1_IRQHandler
                0x08008c74                UART5_IRQHandler
                0x08008c74                TIM4_IRQHandler
                0x08008c74                I2C1_EV_IRQHandler
                0x08008c74                DMA1_Stream6_IRQHandler
                0x08008c74                UART4_IRQHandler
                0x08008c74                TIM3_IRQHandler
                0x08008c74                RCC_IRQHandler
                0x08008c74                TIM8_BRK_TIM12_IRQHandler
                0x08008c74                Default_Handler
                0x08008c74                EXTI15_10_IRQHandler
                0x08008c74                DMA1_Stream7_IRQHandler
                0x08008c74                TIM7_IRQHandler
                0x08008c74                CAN2_TX_IRQHandler
                0x08008c74                TIM5_IRQHandler
                0x08008c74                I2C3_EV_IRQHandler
                0x08008c74                EXTI9_5_IRQHandler
                0x08008c74                RTC_WKUP_IRQHandler
                0x08008c74                ETH_WKUP_IRQHandler
                0x08008c74                SPI2_IRQHandler
                0x08008c74                OTG_HS_EP1_IN_IRQHandler
                0x08008c74                DMA1_Stream0_IRQHandler
                0x08008c74                CAN1_TX_IRQHandler
                0x08008c74                EXTI4_IRQHandler
                0x08008c74                FSMC_IRQHandler
                0x08008c74                ETH_IRQHandler
                0x08008c74                OTG_HS_EP1_OUT_IRQHandler
                0x08008c74                WWDG_IRQHandler
                0x08008c74                TIM2_IRQHandler
                0x08008c74                OTG_FS_WKUP_IRQHandler
                0x08008c74                TIM1_TRG_COM_TIM11_IRQHandler
                0x08008c74                OTG_HS_IRQHandler
                0x08008c74                EXTI1_IRQHandler
                0x08008c74                USART2_IRQHandler
                0x08008c74                I2C2_ER_IRQHandler
                0x08008c74                DMA2_Stream1_IRQHandler
                0x08008c74                CAN1_SCE_IRQHandler
                0x08008c74                FLASH_IRQHandler
                0x08008c74                DMA2_Stream4_IRQHandler
                0x08008c74                OTG_FS_IRQHandler
                0x08008c74                SPI3_IRQHandler
                0x08008c74                DMA1_Stream4_IRQHandler
                0x08008c74                I2C1_ER_IRQHandler
                0x08008c74                DMA2_Stream6_IRQHandler
 *fill*         0x08008c76        0x2 
 .text.HAL_InitTick
                0x08008c78       0x4c CMakeFiles/templateDevelopment.elf.dir/Drivers/STM32F4xx_HAL_Driver/Src/stm32f4xx_hal.c.obj
                0x08008c78                HAL_InitTick
 .text.HAL_Init
                0x08008cc4       0x34 CMakeFiles/templateDevelopment.elf.dir/Drivers/STM32F4xx_HAL_Driver/Src/stm32f4xx_hal.c.obj
                0x08008cc4                HAL_Init
 .text.HAL_IncTick
                0x08008cf8       0x18 CMakeFiles/templateDevelopment.elf.dir/Drivers/STM32F4xx_HAL_Driver/Src/stm32f4xx_hal.c.obj
                0x08008cf8                HAL_IncTick
 .text.HAL_GetTick
                0x08008d10        0xc CMakeFiles/templateDevelopment.elf.dir/Drivers/STM32F4xx_HAL_Driver/Src/stm32f4xx_hal.c.obj
                0x08008d10                HAL_GetTick
 .text.ADC_Init
                0x08008d1c      0x134 CMakeFiles/templateDevelopment.elf.dir/Drivers/STM32F4xx_HAL_Driver/Src/stm32f4xx_hal_adc.c.obj
 .text.HAL_ADC_Init
                0x08008e50       0x56 CMakeFiles/templateDevelopment.elf.dir/Drivers/STM32F4xx_HAL_Driver/Src/stm32f4xx_hal_adc.c.obj
                0x08008e50                HAL_ADC_Init
 .text.HAL_ADC_ConvCpltCallback
                0x08008ea6        0x2 CMakeFiles/templateDevelopment.elf.dir/Drivers/STM32F4xx_HAL_Driver/Src/stm32f4xx_hal_adc.c.obj
                0x08008ea6                HAL_ADC_ConvCpltCallback
 .text.HAL_ADC_LevelOutOfWindowCallback
                0x08008ea8        0x2 CMakeFiles/templateDevelopment.elf.dir/Drivers/STM32F4xx_HAL_Driver/Src/stm32f4xx_hal_adc.c.obj
                0x08008ea8                HAL_ADC_LevelOutOfWindowCallback
 .text.HAL_ADC_ErrorCallback
                0x08008eaa        0x2 CMakeFiles/templateDevelopment.elf.dir/Drivers/STM32F4xx_HAL_Driver/Src/stm32f4xx_hal_adc.c.obj
                0x08008eaa                HAL_ADC_ErrorCallback
 .text.HAL_ADC_IRQHandler
                0x08008eac      0x142 CMakeFiles/templateDevelopment.elf.dir/Drivers/STM32F4xx_HAL_Driver/Src/stm32f4xx_hal_adc.c.obj
                0x08008eac                HAL_ADC_IRQHandler
 *fill*         0x08008fee        0x2 
 .text.HAL_ADC_ConfigChannel
                0x08008ff0      0x198 CMakeFiles/templateDevelopment.elf.dir/Drivers/STM32F4xx_HAL_Driver/Src/stm32f4xx_hal_adc.c.obj
                0x08008ff0                HAL_ADC_ConfigChannel
 .text.HAL_ADCEx_InjectedConvCpltCallback
                0x08009188        0x2 CMakeFiles/templateDevelopment.elf.dir/Drivers/STM32F4xx_HAL_Driver/Src/stm32f4xx_hal_adc_ex.c.obj
                0x08009188                HAL_ADCEx_InjectedConvCpltCallback
 *fill*         0x0800918a        0x2 
 .text.HAL_NVIC_SetPriorityGrouping
                0x0800918c       0x24 CMakeFiles/templateDevelopment.elf.dir/Drivers/STM32F4xx_HAL_Driver/Src/stm32f4xx_hal_cortex.c.obj
                0x0800918c                HAL_NVIC_SetPriorityGrouping
 .text.HAL_NVIC_SetPriority
                0x080091b0       0x70 CMakeFiles/templateDevelopment.elf.dir/Drivers/STM32F4xx_HAL_Driver/Src/stm32f4xx_hal_cortex.c.obj
                0x080091b0                HAL_NVIC_SetPriority
 .text.HAL_NVIC_EnableIRQ
                0x08009220       0x1c CMakeFiles/templateDevelopment.elf.dir/Drivers/STM32F4xx_HAL_Driver/Src/stm32f4xx_hal_cortex.c.obj
                0x08009220                HAL_NVIC_EnableIRQ
 .text.HAL_SYSTICK_Config
                0x0800923c       0x28 CMakeFiles/templateDevelopment.elf.dir/Drivers/STM32F4xx_HAL_Driver/Src/stm32f4xx_hal_cortex.c.obj
                0x0800923c                HAL_SYSTICK_Config
 .text.HAL_DAC_Init
                0x08009264       0x24 CMakeFiles/templateDevelopment.elf.dir/Drivers/STM32F4xx_HAL_Driver/Src/stm32f4xx_hal_dac.c.obj
                0x08009264                HAL_DAC_Init
 .text.HAL_DAC_ConfigChannel
                0x08009288       0x56 CMakeFiles/templateDevelopment.elf.dir/Drivers/STM32F4xx_HAL_Driver/Src/stm32f4xx_hal_dac.c.obj
                0x08009288                HAL_DAC_ConfigChannel
 *fill*         0x080092de        0x2 
 .text.DMA_CalcBaseAndBitshift
                0x080092e0       0x44 CMakeFiles/templateDevelopment.elf.dir/Drivers/STM32F4xx_HAL_Driver/Src/stm32f4xx_hal_dma.c.obj
 .text.DMA_CheckFifoParam
                0x08009324       0x8e CMakeFiles/templateDevelopment.elf.dir/Drivers/STM32F4xx_HAL_Driver/Src/stm32f4xx_hal_dma.c.obj
 *fill*         0x080093b2        0x2 
 .text.HAL_DMA_Init
                0x080093b4       0xcc CMakeFiles/templateDevelopment.elf.dir/Drivers/STM32F4xx_HAL_Driver/Src/stm32f4xx_hal_dma.c.obj
                0x080093b4                HAL_DMA_Init
 .text.HAL_DMA_Abort
                0x08009480       0x94 CMakeFiles/templateDevelopment.elf.dir/Drivers/STM32F4xx_HAL_Driver/Src/stm32f4xx_hal_dma.c.obj
                0x08009480                HAL_DMA_Abort
 .text.HAL_DMA_Abort_IT
                0x08009514       0x26 CMakeFiles/templateDevelopment.elf.dir/Drivers/STM32F4xx_HAL_Driver/Src/stm32f4xx_hal_dma.c.obj
                0x08009514                HAL_DMA_Abort_IT
 *fill*         0x0800953a        0x2 
 .text.HAL_DMA_IRQHandler
                0x0800953c      0x1dc CMakeFiles/templateDevelopment.elf.dir/Drivers/STM32F4xx_HAL_Driver/Src/stm32f4xx_hal_dma.c.obj
                0x0800953c                HAL_DMA_IRQHandler
 .text.HAL_GPIO_Init
                0x08009718      0x1e4 CMakeFiles/templateDevelopment.elf.dir/Drivers/STM32F4xx_HAL_Driver/Src/stm32f4xx_hal_gpio.c.obj
                0x08009718                HAL_GPIO_Init
 .text.HAL_GPIO_WritePin
                0x080098fc        0xc CMakeFiles/templateDevelopment.elf.dir/Drivers/STM32F4xx_HAL_Driver/Src/stm32f4xx_hal_gpio.c.obj
                0x080098fc                HAL_GPIO_WritePin
 .text.HAL_GPIO_TogglePin
                0x08009908       0x12 CMakeFiles/templateDevelopment.elf.dir/Drivers/STM32F4xx_HAL_Driver/Src/stm32f4xx_hal_gpio.c.obj
                0x08009908                HAL_GPIO_TogglePin
 *fill*         0x0800991a        0x2 
 .text.HAL_RCC_OscConfig
                0x0800991c      0x3f8 CMakeFiles/templateDevelopment.elf.dir/Drivers/STM32F4xx_HAL_Driver/Src/stm32f4xx_hal_rcc.c.obj
                0x0800991c                HAL_RCC_OscConfig
 .text.HAL_RCC_GetSysClockFreq
                0x08009d14       0xd4 CMakeFiles/templateDevelopment.elf.dir/Drivers/STM32F4xx_HAL_Driver/Src/stm32f4xx_hal_rcc.c.obj
                0x08009d14                HAL_RCC_GetSysClockFreq
 .text.HAL_RCC_ClockConfig
                0x08009de8      0x160 CMakeFiles/templateDevelopment.elf.dir/Drivers/STM32F4xx_HAL_Driver/Src/stm32f4xx_hal_rcc.c.obj
                0x08009de8                HAL_RCC_ClockConfig
 .text.HAL_RCC_GetHCLKFreq
                0x08009f48        0xc CMakeFiles/templateDevelopment.elf.dir/Drivers/STM32F4xx_HAL_Driver/Src/stm32f4xx_hal_rcc.c.obj
                0x08009f48                HAL_RCC_GetHCLKFreq
 .text.HAL_RCC_GetPCLK1Freq
                0x08009f54       0x20 CMakeFiles/templateDevelopment.elf.dir/Drivers/STM32F4xx_HAL_Driver/Src/stm32f4xx_hal_rcc.c.obj
                0x08009f54                HAL_RCC_GetPCLK1Freq
 .text.HAL_RCC_GetPCLK2Freq
                0x08009f74       0x20 CMakeFiles/templateDevelopment.elf.dir/Drivers/STM32F4xx_HAL_Driver/Src/stm32f4xx_hal_rcc.c.obj
                0x08009f74                HAL_RCC_GetPCLK2Freq
 .text.HAL_SRAM_Init
                0x08009f94       0x58 CMakeFiles/templateDevelopment.elf.dir/Drivers/STM32F4xx_HAL_Driver/Src/stm32f4xx_hal_sram.c.obj
                0x08009f94                HAL_SRAM_Init
 .text.TIM_TI1_ConfigInputStage
                0x08009fec       0x26 CMakeFiles/templateDevelopment.elf.dir/Drivers/STM32F4xx_HAL_Driver/Src/stm32f4xx_hal_tim.c.obj
 .text.TIM_TI2_ConfigInputStage
                0x0800a012       0x28 CMakeFiles/templateDevelopment.elf.dir/Drivers/STM32F4xx_HAL_Driver/Src/stm32f4xx_hal_tim.c.obj
 .text.TIM_ITRx_SetConfig
                0x0800a03a       0x10 CMakeFiles/templateDevelopment.elf.dir/Drivers/STM32F4xx_HAL_Driver/Src/stm32f4xx_hal_tim.c.obj
 *fill*         0x0800a04a        0x2 
 .text.TIM_Base_SetConfig
                0x0800a04c       0xc8 CMakeFiles/templateDevelopment.elf.dir/Drivers/STM32F4xx_HAL_Driver/Src/stm32f4xx_hal_tim.c.obj
                0x0800a04c                TIM_Base_SetConfig
 .text.HAL_TIM_Base_Init
                0x0800a114       0x58 CMakeFiles/templateDevelopment.elf.dir/Drivers/STM32F4xx_HAL_Driver/Src/stm32f4xx_hal_tim.c.obj
                0x0800a114                HAL_TIM_Base_Init
 .text.TIM_ETR_SetConfig
                0x0800a16c       0x1a CMakeFiles/templateDevelopment.elf.dir/Drivers/STM32F4xx_HAL_Driver/Src/stm32f4xx_hal_tim.c.obj
                0x0800a16c                TIM_ETR_SetConfig
 .text.HAL_TIM_ConfigClockSource
                0x0800a186       0xfe CMakeFiles/templateDevelopment.elf.dir/Drivers/STM32F4xx_HAL_Driver/Src/stm32f4xx_hal_tim.c.obj
                0x0800a186                HAL_TIM_ConfigClockSource
 .text.HAL_TIMEx_MasterConfigSynchronization
                0x0800a284       0x8c CMakeFiles/templateDevelopment.elf.dir/Drivers/STM32F4xx_HAL_Driver/Src/stm32f4xx_hal_tim_ex.c.obj
                0x0800a284                HAL_TIMEx_MasterConfigSynchronization
 .text.UART_EndTxTransfer
                0x0800a310       0x20 CMakeFiles/templateDevelopment.elf.dir/Drivers/STM32F4xx_HAL_Driver/Src/stm32f4xx_hal_uart.c.obj
 .text.UART_EndRxTransfer
                0x0800a330       0x5c CMakeFiles/templateDevelopment.elf.dir/Drivers/STM32F4xx_HAL_Driver/Src/stm32f4xx_hal_uart.c.obj
 .text.UART_Transmit_IT
                0x0800a38c       0x60 CMakeFiles/templateDevelopment.elf.dir/Drivers/STM32F4xx_HAL_Driver/Src/stm32f4xx_hal_uart.c.obj
 .text.UART_SetConfig
                0x0800a3ec      0x110 CMakeFiles/templateDevelopment.elf.dir/Drivers/STM32F4xx_HAL_Driver/Src/stm32f4xx_hal_uart.c.obj
 .text.HAL_UART_Init
                0x0800a4fc       0x5e CMakeFiles/templateDevelopment.elf.dir/Drivers/STM32F4xx_HAL_Driver/Src/stm32f4xx_hal_uart.c.obj
                0x0800a4fc                HAL_UART_Init
 .text.HAL_UART_DMAStop
                0x0800a55a       0x84 CMakeFiles/templateDevelopment.elf.dir/Drivers/STM32F4xx_HAL_Driver/Src/stm32f4xx_hal_uart.c.obj
                0x0800a55a                HAL_UART_DMAStop
 .text.HAL_UART_TxCpltCallback
                0x0800a5de        0x2 CMakeFiles/templateDevelopment.elf.dir/Drivers/STM32F4xx_HAL_Driver/Src/stm32f4xx_hal_uart.c.obj
                0x0800a5de                HAL_UART_TxCpltCallback
 .text.UART_EndTransmit_IT
                0x0800a5e0       0x1a CMakeFiles/templateDevelopment.elf.dir/Drivers/STM32F4xx_HAL_Driver/Src/stm32f4xx_hal_uart.c.obj
 .text.HAL_UART_ErrorCallback
                0x0800a5fa        0x2 CMakeFiles/templateDevelopment.elf.dir/Drivers/STM32F4xx_HAL_Driver/Src/stm32f4xx_hal_uart.c.obj
                0x0800a5fa                HAL_UART_ErrorCallback
 .text.UART_DMAAbortOnError
                0x0800a5fc       0x10 CMakeFiles/templateDevelopment.elf.dir/Drivers/STM32F4xx_HAL_Driver/Src/stm32f4xx_hal_uart.c.obj
 .text.HAL_UARTEx_RxEventCallback
                0x0800a60c        0x2 CMakeFiles/templateDevelopment.elf.dir/Drivers/STM32F4xx_HAL_Driver/Src/stm32f4xx_hal_uart.c.obj
                0x0800a60c                HAL_UARTEx_RxEventCallback
 .text.UART_Receive_IT
                0x0800a60e       0xe2 CMakeFiles/templateDevelopment.elf.dir/Drivers/STM32F4xx_HAL_Driver/Src/stm32f4xx_hal_uart.c.obj
 .text.HAL_UART_IRQHandler
                0x0800a6f0      0x280 CMakeFiles/templateDevelopment.elf.dir/Drivers/STM32F4xx_HAL_Driver/Src/stm32f4xx_hal_uart.c.obj
                0x0800a6f0                HAL_UART_IRQHandler
 .text.FSMC_NORSRAM_Init
                0x0800a970       0x6c CMakeFiles/templateDevelopment.elf.dir/Drivers/STM32F4xx_HAL_Driver/Src/stm32f4xx_ll_fsmc.c.obj
                0x0800a970                FSMC_NORSRAM_Init
 .text.FSMC_NORSRAM_Timing_Init
                0x0800a9dc       0x44 CMakeFiles/templateDevelopment.elf.dir/Drivers/STM32F4xx_HAL_Driver/Src/stm32f4xx_ll_fsmc.c.obj
                0x0800a9dc                FSMC_NORSRAM_Timing_Init
 .text.FSMC_NORSRAM_Extended_Timing_Init
                0x0800aa20       0x44 CMakeFiles/templateDevelopment.elf.dir/Drivers/STM32F4xx_HAL_Driver/Src/stm32f4xx_ll_fsmc.c.obj
                0x0800aa20                FSMC_NORSRAM_Extended_Timing_Init
 .text.vListInitialise
                0x0800aa64       0x16 CMakeFiles/templateDevelopment.elf.dir/Middlewares/FreeRTOS/list.c.obj
                0x0800aa64                vListInitialise
 .text.vListInitialiseItem
                0x0800aa7a        0x6 CMakeFiles/templateDevelopment.elf.dir/Middlewares/FreeRTOS/list.c.obj
                0x0800aa7a                vListInitialiseItem
 .text.vListInsertEnd
                0x0800aa80       0x16 CMakeFiles/templateDevelopment.elf.dir/Middlewares/FreeRTOS/list.c.obj
                0x0800aa80                vListInsertEnd
 .text.vListInsert
                0x0800aa96       0x32 CMakeFiles/templateDevelopment.elf.dir/Middlewares/FreeRTOS/list.c.obj
                0x0800aa96                vListInsert
 .text.uxListRemove
                0x0800aac8       0x26 CMakeFiles/templateDevelopment.elf.dir/Middlewares/FreeRTOS/list.c.obj
                0x0800aac8                uxListRemove
 *fill*         0x0800aaee        0x2 
 .text.prvHeapInit
                0x0800aaf0       0x64 CMakeFiles/templateDevelopment.elf.dir/Middlewares/FreeRTOS/portable/MemMang/heap_4.c.obj
 .text.prvInsertBlockIntoFreeList
                0x0800ab54       0x64 CMakeFiles/templateDevelopment.elf.dir/Middlewares/FreeRTOS/portable/MemMang/heap_4.c.obj
 .text.pvPortMalloc
                0x0800abb8      0x114 CMakeFiles/templateDevelopment.elf.dir/Middlewares/FreeRTOS/portable/MemMang/heap_4.c.obj
                0x0800abb8                pvPortMalloc
 .text.vPortFree
                0x0800accc       0x90 CMakeFiles/templateDevelopment.elf.dir/Middlewares/FreeRTOS/portable/MemMang/heap_4.c.obj
                0x0800accc                vPortFree
 .text.prvPortStartFirstTask
                0x0800ad5c       0x28 CMakeFiles/templateDevelopment.elf.dir/Middlewares/FreeRTOS/portable/RVDS/ARM_CM4F/port.c.obj
 .text.vPortEnableVFP
                0x0800ad84       0x14 CMakeFiles/templateDevelopment.elf.dir/Middlewares/FreeRTOS/portable/RVDS/ARM_CM4F/port.c.obj
 .text.prvTaskExitError
                0x0800ad98       0x48 CMakeFiles/templateDevelopment.elf.dir/Middlewares/FreeRTOS/portable/RVDS/ARM_CM4F/port.c.obj
 .text.pxPortInitialiseStack
                0x0800ade0       0x2c CMakeFiles/templateDevelopment.elf.dir/Middlewares/FreeRTOS/portable/RVDS/ARM_CM4F/port.c.obj
                0x0800ade0                pxPortInitialiseStack
 *fill*         0x0800ae0c        0x4 
 .text.SVC_Handler
                0x0800ae10       0x24 CMakeFiles/templateDevelopment.elf.dir/Middlewares/FreeRTOS/portable/RVDS/ARM_CM4F/port.c.obj
                0x0800ae10                SVC_Handler
 .text.vPortEnterCritical
                0x0800ae34       0x48 CMakeFiles/templateDevelopment.elf.dir/Middlewares/FreeRTOS/portable/RVDS/ARM_CM4F/port.c.obj
                0x0800ae34                vPortEnterCritical
 .text.vPortExitCritical
                0x0800ae7c       0x34 CMakeFiles/templateDevelopment.elf.dir/Middlewares/FreeRTOS/portable/RVDS/ARM_CM4F/port.c.obj
                0x0800ae7c                vPortExitCritical
 .text.PendSV_Handler
                0x0800aeb0       0x64 CMakeFiles/templateDevelopment.elf.dir/Middlewares/FreeRTOS/portable/RVDS/ARM_CM4F/port.c.obj
                0x0800aeb0                PendSV_Handler
 .text.xPortSysTickHandler
                0x0800af14       0x2c CMakeFiles/templateDevelopment.elf.dir/Middlewares/FreeRTOS/portable/RVDS/ARM_CM4F/port.c.obj
                0x0800af14                xPortSysTickHandler
 .text.vPortSetupTimerInterrupt
                0x0800af40       0x28 CMakeFiles/templateDevelopment.elf.dir/Middlewares/FreeRTOS/portable/RVDS/ARM_CM4F/port.c.obj
                0x0800af40                vPortSetupTimerInterrupt
 .text.xPortStartScheduler
                0x0800af68      0x12c CMakeFiles/templateDevelopment.elf.dir/Middlewares/FreeRTOS/portable/RVDS/ARM_CM4F/port.c.obj
                0x0800af68                xPortStartScheduler
 .text.prvIsQueueEmpty
                0x0800b094       0x1a CMakeFiles/templateDevelopment.elf.dir/Middlewares/FreeRTOS/queue.c.obj
 .text.prvCopyDataToQueue
                0x0800b0ae       0x76 CMakeFiles/templateDevelopment.elf.dir/Middlewares/FreeRTOS/queue.c.obj
 .text.prvNotifyQueueSetContainer
                0x0800b124       0x90 CMakeFiles/templateDevelopment.elf.dir/Middlewares/FreeRTOS/queue.c.obj
 .text.prvCopyDataFromQueue
                0x0800b1b4       0x24 CMakeFiles/templateDevelopment.elf.dir/Middlewares/FreeRTOS/queue.c.obj
 .text.prvUnlockQueue
                0x0800b1d8       0x82 CMakeFiles/templateDevelopment.elf.dir/Middlewares/FreeRTOS/queue.c.obj
 *fill*         0x0800b25a        0x2 
 .text.xQueueGenericReset
                0x0800b25c       0xb0 CMakeFiles/templateDevelopment.elf.dir/Middlewares/FreeRTOS/queue.c.obj
                0x0800b25c                xQueueGenericReset
 .text.prvInitialiseNewQueue
                0x0800b30c       0x26 CMakeFiles/templateDevelopment.elf.dir/Middlewares/FreeRTOS/queue.c.obj
 *fill*         0x0800b332        0x2 
 .text.xQueueGenericCreate
                0x0800b334       0x5c CMakeFiles/templateDevelopment.elf.dir/Middlewares/FreeRTOS/queue.c.obj
                0x0800b334                xQueueGenericCreate
 .text.xQueueReceive
                0x0800b390      0x158 CMakeFiles/templateDevelopment.elf.dir/Middlewares/FreeRTOS/queue.c.obj
                0x0800b390                xQueueReceive
 .text.vQueueAddToRegistry
                0x0800b4e8       0x60 CMakeFiles/templateDevelopment.elf.dir/Middlewares/FreeRTOS/queue.c.obj
                0x0800b4e8                vQueueAddToRegistry
 .text.vQueueWaitForMessageRestricted
                0x0800b548       0x52 CMakeFiles/templateDevelopment.elf.dir/Middlewares/FreeRTOS/queue.c.obj
                0x0800b548                vQueueWaitForMessageRestricted
 *fill*         0x0800b59a        0x2 
 .text.prvResetNextTaskUnblockTime
                0x0800b59c       0x28 CMakeFiles/templateDevelopment.elf.dir/Middlewares/FreeRTOS/tasks.c.obj
 .text.prvDeleteTCB
                0x0800b5c4       0x12 CMakeFiles/templateDevelopment.elf.dir/Middlewares/FreeRTOS/tasks.c.obj
 *fill*         0x0800b5d6        0x2 
 .text.prvInitialiseNewTask
                0x0800b5d8       0xc8 CMakeFiles/templateDevelopment.elf.dir/Middlewares/FreeRTOS/tasks.c.obj
 .text.prvInitialiseTaskLists
                0x0800b6a0       0x68 CMakeFiles/templateDevelopment.elf.dir/Middlewares/FreeRTOS/tasks.c.obj
 .text.prvAddNewTaskToReadyList
                0x0800b708       0xc8 CMakeFiles/templateDevelopment.elf.dir/Middlewares/FreeRTOS/tasks.c.obj
 .text.prvCheckTasksWaitingTermination
                0x0800b7d0       0x4c CMakeFiles/templateDevelopment.elf.dir/Middlewares/FreeRTOS/tasks.c.obj
 .text.prvIdleTask
                0x0800b81c       0x28 CMakeFiles/templateDevelopment.elf.dir/Middlewares/FreeRTOS/tasks.c.obj
 .text.prvAddCurrentTaskToDelayedList
                0x0800b844       0xbc CMakeFiles/templateDevelopment.elf.dir/Middlewares/FreeRTOS/tasks.c.obj
 .text.xTaskCreate
                0x0800b900       0x64 CMakeFiles/templateDevelopment.elf.dir/Middlewares/FreeRTOS/tasks.c.obj
                0x0800b900                xTaskCreate
 .text.vTaskDelete
                0x0800b964       0xec CMakeFiles/templateDevelopment.elf.dir/Middlewares/FreeRTOS/tasks.c.obj
                0x0800b964                vTaskDelete
 .text.vTaskStartScheduler
                0x0800ba50       0x90 CMakeFiles/templateDevelopment.elf.dir/Middlewares/FreeRTOS/tasks.c.obj
                0x0800ba50                vTaskStartScheduler
 .text.vTaskSuspendAll
                0x0800bae0       0x10 CMakeFiles/templateDevelopment.elf.dir/Middlewares/FreeRTOS/tasks.c.obj
                0x0800bae0                vTaskSuspendAll
 .text.xTaskGetTickCount
                0x0800baf0        0xc CMakeFiles/templateDevelopment.elf.dir/Middlewares/FreeRTOS/tasks.c.obj
                0x0800baf0                xTaskGetTickCount
 .text.xTaskIncrementTick
                0x0800bafc      0x17c CMakeFiles/templateDevelopment.elf.dir/Middlewares/FreeRTOS/tasks.c.obj
                0x0800bafc                xTaskIncrementTick
 .text.xTaskResumeAll
                0x0800bc78      0x154 CMakeFiles/templateDevelopment.elf.dir/Middlewares/FreeRTOS/tasks.c.obj
                0x0800bc78                xTaskResumeAll
 .text.vTaskDelay
                0x0800bdcc       0x50 CMakeFiles/templateDevelopment.elf.dir/Middlewares/FreeRTOS/tasks.c.obj
                0x0800bdcc                vTaskDelay
 .text.vTaskSwitchContext
                0x0800be1c       0x98 CMakeFiles/templateDevelopment.elf.dir/Middlewares/FreeRTOS/tasks.c.obj
                0x0800be1c                vTaskSwitchContext
 .text.vTaskPlaceOnEventList
                0x0800beb4       0x38 CMakeFiles/templateDevelopment.elf.dir/Middlewares/FreeRTOS/tasks.c.obj
                0x0800beb4                vTaskPlaceOnEventList
 .text.vTaskPlaceOnEventListRestricted
                0x0800beec       0x58 CMakeFiles/templateDevelopment.elf.dir/Middlewares/FreeRTOS/tasks.c.obj
                0x0800beec                vTaskPlaceOnEventListRestricted
 .text.xTaskRemoveFromEventList
                0x0800bf44       0xf4 CMakeFiles/templateDevelopment.elf.dir/Middlewares/FreeRTOS/tasks.c.obj
                0x0800bf44                xTaskRemoveFromEventList
 .text.vTaskInternalSetTimeOutState
                0x0800c038       0x18 CMakeFiles/templateDevelopment.elf.dir/Middlewares/FreeRTOS/tasks.c.obj
                0x0800c038                vTaskInternalSetTimeOutState
 .text.xTaskCheckForTimeOut
                0x0800c050       0xa4 CMakeFiles/templateDevelopment.elf.dir/Middlewares/FreeRTOS/tasks.c.obj
                0x0800c050                xTaskCheckForTimeOut
 .text.vTaskMissedYield
                0x0800c0f4        0xc CMakeFiles/templateDevelopment.elf.dir/Middlewares/FreeRTOS/tasks.c.obj
                0x0800c0f4                vTaskMissedYield
 .text.xTaskGetSchedulerState
                0x0800c100       0x20 CMakeFiles/templateDevelopment.elf.dir/Middlewares/FreeRTOS/tasks.c.obj
                0x0800c100                xTaskGetSchedulerState
 .text.xTaskPriorityDisinherit
                0x0800c120       0xc0 CMakeFiles/templateDevelopment.elf.dir/Middlewares/FreeRTOS/tasks.c.obj
                0x0800c120                xTaskPriorityDisinherit
 .text.prvGetNextExpireTime
                0x0800c1e0       0x20 CMakeFiles/templateDevelopment.elf.dir/Middlewares/FreeRTOS/timers.c.obj
 .text.prvInsertTimerInActiveList
                0x0800c200       0x48 CMakeFiles/templateDevelopment.elf.dir/Middlewares/FreeRTOS/timers.c.obj
 .text.prvReloadTimer
                0x0800c248       0x28 CMakeFiles/templateDevelopment.elf.dir/Middlewares/FreeRTOS/timers.c.obj
 .text.prvProcessExpiredTimer
                0x0800c270       0x40 CMakeFiles/templateDevelopment.elf.dir/Middlewares/FreeRTOS/timers.c.obj
 .text.prvSwitchTimerLists
                0x0800c2b0       0x30 CMakeFiles/templateDevelopment.elf.dir/Middlewares/FreeRTOS/timers.c.obj
 .text.prvSampleTimeNow
                0x0800c2e0       0x2c CMakeFiles/templateDevelopment.elf.dir/Middlewares/FreeRTOS/timers.c.obj
 .text.prvProcessTimerOrBlockTask
                0x0800c30c       0x74 CMakeFiles/templateDevelopment.elf.dir/Middlewares/FreeRTOS/timers.c.obj
 .text.prvProcessReceivedCommands
                0x0800c380      0x108 CMakeFiles/templateDevelopment.elf.dir/Middlewares/FreeRTOS/timers.c.obj
 .text.prvTimerTask
                0x0800c488       0x16 CMakeFiles/templateDevelopment.elf.dir/Middlewares/FreeRTOS/timers.c.obj
 *fill*         0x0800c49e        0x2 
 .text.prvCheckForValidListAndQueue
                0x0800c4a0       0x5c CMakeFiles/templateDevelopment.elf.dir/Middlewares/FreeRTOS/timers.c.obj
 .text.xTimerCreateTimerTask
                0x0800c4fc       0x58 CMakeFiles/templateDevelopment.elf.dir/Middlewares/FreeRTOS/timers.c.obj
                0x0800c4fc                xTimerCreateTimerTask
 .text._Z41__static_initialization_and_destruction_0ii
                0x0800c554       0x38 CMakeFiles/templateDevelopment.elf.dir/myApplcation/ESP.cpp.obj
 .text._ZN3ESPD2Ev
                0x0800c58c       0x1c CMakeFiles/templateDevelopment.elf.dir/myApplcation/ESP.cpp.obj
                0x0800c58c                ESP::~ESP()
                0x0800c58c                ESP::~ESP()
 .text._GLOBAL__sub_I_myUsart1
                0x0800c5a8        0xe CMakeFiles/templateDevelopment.elf.dir/myApplcation/ESP.cpp.obj
 *fill*         0x0800c5b6        0x2 
 .text._Z41__static_initialization_and_destruction_0ii
                0x0800c5b8       0x38 CMakeFiles/templateDevelopment.elf.dir/myApplcation/MyLCD.cpp.obj
 .text._GLOBAL__sub_I_myUsart
                0x0800c5f0        0xe CMakeFiles/templateDevelopment.elf.dir/myApplcation/MyLCD.cpp.obj
 .text._ZN7MyUsartC2EP20__UART_HandleTypeDef
                0x0800c5fe        0xa CMakeFiles/templateDevelopment.elf.dir/myApplcation/MyUsart.cpp.obj
                0x0800c5fe                MyUsart::MyUsart(__UART_HandleTypeDef*)
                0x0800c5fe                MyUsart::MyUsart(__UART_HandleTypeDef*)
 .text._ZN7MyUsartD2Ev
                0x0800c608        0x2 CMakeFiles/templateDevelopment.elf.dir/myApplcation/MyUsart.cpp.obj
                0x0800c608                MyUsart::~MyUsart()
                0x0800c608                MyUsart::~MyUsart()
 *fill*         0x0800c60a        0x2 
 .text._Z41__static_initialization_and_destruction_0ii
                0x0800c60c       0x2c CMakeFiles/templateDevelopment.elf.dir/myApplcation/Mymain.cpp.obj
 .text.Mymain   0x0800c638        0x8 CMakeFiles/templateDevelopment.elf.dir/myApplcation/Mymain.cpp.obj
                0x0800c638                Mymain
 .text._GLOBAL__sub_I_esp
                0x0800c640        0xe CMakeFiles/templateDevelopment.elf.dir/myApplcation/Mymain.cpp.obj
 *fill*         0x0800c64e        0x2 
 .text.start_task
                0x0800c650       0x60 CMakeFiles/templateDevelopment.elf.dir/myApplcation/freertos_demo.c.obj
                0x0800c650                start_task
 .text.task1    0x0800c6b0       0x1c CMakeFiles/templateDevelopment.elf.dir/myApplcation/freertos_demo.c.obj
                0x0800c6b0                task1
 .text.task2    0x0800c6cc       0x1c CMakeFiles/templateDevelopment.elf.dir/myApplcation/freertos_demo.c.obj
                0x0800c6cc                task2
 .text.freertos_demo
                0x0800c6e8       0x30 CMakeFiles/templateDevelopment.elf.dir/myApplcation/freertos_demo.c.obj
                0x0800c6e8                freertos_demo
 .text.ReceiveDataCallBack
                0x0800c718       0x4c CMakeFiles/templateDevelopment.elf.dir/myApplcation/seriall_Port.c.obj
                0x0800c718                ReceiveDataCallBack
 .text.__aeabi_atexit
                0x0800c764        0xc d:/programfiles/gnu arm embedded toolchain/10 2021.10/bin/../lib/gcc/arm-none-eabi/10.3.1/../../../../arm-none-eabi/lib/thumb/v7e-m+fp/hard\libstdc++.a(atexit_arm.o)
                0x0800c764                __aeabi_atexit
 .text._ZdlPvj  0x0800c770        0x4 d:/programfiles/gnu arm embedded toolchain/10 2021.10/bin/../lib/gcc/arm-none-eabi/10.3.1/../../../../arm-none-eabi/lib/thumb/v7e-m+fp/hard\libstdc++.a(del_ops.o)
                0x0800c770                operator delete(void*, unsigned int)
 .text.__cxa_end_cleanup
                0x0800c774        0xc d:/programfiles/gnu arm embedded toolchain/10 2021.10/bin/../lib/gcc/arm-none-eabi/10.3.1/../../../../arm-none-eabi/lib/thumb/v7e-m+fp/hard\libstdc++.a(eh_arm.o)
                0x0800c774                __cxa_end_cleanup
 .text.__cxa_type_match
                0x0800c780       0xb4 d:/programfiles/gnu arm embedded toolchain/10 2021.10/bin/../lib/gcc/arm-none-eabi/10.3.1/../../../../arm-none-eabi/lib/thumb/v7e-m+fp/hard\libstdc++.a(eh_arm.o)
                0x0800c780                __cxa_type_match
 .text.__cxa_begin_cleanup
                0x0800c834       0x64 d:/programfiles/gnu arm embedded toolchain/10 2021.10/bin/../lib/gcc/arm-none-eabi/10.3.1/../../../../arm-none-eabi/lib/thumb/v7e-m+fp/hard\libstdc++.a(eh_arm.o)
                0x0800c834                __cxa_begin_cleanup
 .text.__gnu_end_cleanup
                0x0800c898       0x70 d:/programfiles/gnu arm embedded toolchain/10 2021.10/bin/../lib/gcc/arm-none-eabi/10.3.1/../../../../arm-none-eabi/lib/thumb/v7e-m+fp/hard\libstdc++.a(eh_arm.o)
                0x0800c898                __gnu_end_cleanup
 .text._ZNSt13bad_exceptionD2Ev
                0x0800c908        0x4 d:/programfiles/gnu arm embedded toolchain/10 2021.10/bin/../lib/gcc/arm-none-eabi/10.3.1/../../../../arm-none-eabi/lib/thumb/v7e-m+fp/hard\libstdc++.a(eh_exception.o)
                0x0800c908                std::bad_exception::~bad_exception()
                0x0800c908                std::bad_exception::~bad_exception()
 .text._ZNKSt13bad_exception4whatEv
                0x0800c90c        0x8 d:/programfiles/gnu arm embedded toolchain/10 2021.10/bin/../lib/gcc/arm-none-eabi/10.3.1/../../../../arm-none-eabi/lib/thumb/v7e-m+fp/hard\libstdc++.a(eh_exception.o)
                0x0800c90c                std::bad_exception::what() const
                0x0800c90c                transaction clone for std::bad_exception::what() const
 .text._ZNSt13bad_exceptionD0Ev
                0x0800c914       0x10 d:/programfiles/gnu arm embedded toolchain/10 2021.10/bin/../lib/gcc/arm-none-eabi/10.3.1/../../../../arm-none-eabi/lib/thumb/v7e-m+fp/hard\libstdc++.a(eh_exception.o)
                0x0800c914                std::bad_exception::~bad_exception()
 .text.__cxa_get_globals_fast
                0x0800c924        0x8 d:/programfiles/gnu arm embedded toolchain/10 2021.10/bin/../lib/gcc/arm-none-eabi/10.3.1/../../../../arm-none-eabi/lib/thumb/v7e-m+fp/hard\libstdc++.a(eh_globals.o)
                0x0800c924                __cxa_get_globals_fast
 .text.__cxa_get_globals
                0x0800c92c        0x8 d:/programfiles/gnu arm embedded toolchain/10 2021.10/bin/../lib/gcc/arm-none-eabi/10.3.1/../../../../arm-none-eabi/lib/thumb/v7e-m+fp/hard\libstdc++.a(eh_globals.o)
                0x0800c92c                __cxa_get_globals
 .text._ZL28read_encoded_value_with_basehjPKhPj
                0x0800c934       0xc0 d:/programfiles/gnu arm embedded toolchain/10 2021.10/bin/../lib/gcc/arm-none-eabi/10.3.1/../../../../arm-none-eabi/lib/thumb/v7e-m+fp/hard\libstdc++.a(eh_personality.o)
 .text._ZL21base_of_encoded_valuehP15_Unwind_Context
                0x0800c9f4       0x50 d:/programfiles/gnu arm embedded toolchain/10 2021.10/bin/../lib/gcc/arm-none-eabi/10.3.1/../../../../arm-none-eabi/lib/thumb/v7e-m+fp/hard\libstdc++.a(eh_personality.o)
 .text._ZL17parse_lsda_headerP15_Unwind_ContextPKhP16lsda_header_info
                0x0800ca44       0x94 d:/programfiles/gnu arm embedded toolchain/10 2021.10/bin/../lib/gcc/arm-none-eabi/10.3.1/../../../../arm-none-eabi/lib/thumb/v7e-m+fp/hard\libstdc++.a(eh_personality.o)
 .text.__gxx_personality_v0
                0x0800cad8      0x4a8 d:/programfiles/gnu arm embedded toolchain/10 2021.10/bin/../lib/gcc/arm-none-eabi/10.3.1/../../../../arm-none-eabi/lib/thumb/v7e-m+fp/hard\libstdc++.a(eh_personality.o)
                0x0800cad8                __gxx_personality_v0
 .text._ZN10__cxxabiv111__terminateEPFvvE
                0x0800cf80       0x28 d:/programfiles/gnu arm embedded toolchain/10 2021.10/bin/../lib/gcc/arm-none-eabi/10.3.1/../../../../arm-none-eabi/lib/thumb/v7e-m+fp/hard\libstdc++.a(eh_terminate.o)
                0x0800cf80                __cxxabiv1::__terminate(void (*)())
 .text._ZSt9terminatev
                0x0800cfa8       0x14 d:/programfiles/gnu arm embedded toolchain/10 2021.10/bin/../lib/gcc/arm-none-eabi/10.3.1/../../../../arm-none-eabi/lib/thumb/v7e-m+fp/hard\libstdc++.a(eh_terminate.o)
                0x0800cfa8                std::terminate()
 .text._ZN10__cxxabiv112__unexpectedEPFvvE
                0x0800cfbc        0x8 d:/programfiles/gnu arm embedded toolchain/10 2021.10/bin/../lib/gcc/arm-none-eabi/10.3.1/../../../../arm-none-eabi/lib/thumb/v7e-m+fp/hard\libstdc++.a(eh_terminate.o)
                0x0800cfbc                __cxxabiv1::__unexpected(void (*)())
 .text._ZSt10unexpectedv
                0x0800cfc4       0x14 d:/programfiles/gnu arm embedded toolchain/10 2021.10/bin/../lib/gcc/arm-none-eabi/10.3.1/../../../../arm-none-eabi/lib/thumb/v7e-m+fp/hard\libstdc++.a(eh_terminate.o)
                0x0800cfc4                std::unexpected()
 .text._ZSt13get_terminatev
                0x0800cfd8       0x10 d:/programfiles/gnu arm embedded toolchain/10 2021.10/bin/../lib/gcc/arm-none-eabi/10.3.1/../../../../arm-none-eabi/lib/thumb/v7e-m+fp/hard\libstdc++.a(eh_terminate.o)
                0x0800cfd8                std::get_terminate()
 .text._ZSt14get_unexpectedv
                0x0800cfe8       0x10 d:/programfiles/gnu arm embedded toolchain/10 2021.10/bin/../lib/gcc/arm-none-eabi/10.3.1/../../../../arm-none-eabi/lib/thumb/v7e-m+fp/hard\libstdc++.a(eh_terminate.o)
                0x0800cfe8                std::get_unexpected()
 .text._ZN10__cxxabiv120__si_class_type_infoD2Ev
                0x0800cff8       0x14 d:/programfiles/gnu arm embedded toolchain/10 2021.10/bin/../lib/gcc/arm-none-eabi/10.3.1/../../../../arm-none-eabi/lib/thumb/v7e-m+fp/hard\libstdc++.a(si_class_type_info.o)
                0x0800cff8                __cxxabiv1::__si_class_type_info::~__si_class_type_info()
                0x0800cff8                __cxxabiv1::__si_class_type_info::~__si_class_type_info()
 .text._ZN10__cxxabiv120__si_class_type_infoD0Ev
                0x0800d00c       0x1c d:/programfiles/gnu arm embedded toolchain/10 2021.10/bin/../lib/gcc/arm-none-eabi/10.3.1/../../../../arm-none-eabi/lib/thumb/v7e-m+fp/hard\libstdc++.a(si_class_type_info.o)
                0x0800d00c                __cxxabiv1::__si_class_type_info::~__si_class_type_info()
 .text._ZNK10__cxxabiv120__si_class_type_info20__do_find_public_srcEiPKvPKNS_17__class_type_infoES2_
                0x0800d028       0x3c d:/programfiles/gnu arm embedded toolchain/10 2021.10/bin/../lib/gcc/arm-none-eabi/10.3.1/../../../../arm-none-eabi/lib/thumb/v7e-m+fp/hard\libstdc++.a(si_class_type_info.o)
                0x0800d028                __cxxabiv1::__si_class_type_info::__do_find_public_src(int, void const*, __cxxabiv1::__class_type_info const*, void const*) const
 .text._ZNK10__cxxabiv120__si_class_type_info12__do_dyncastEiNS_17__class_type_info10__sub_kindEPKS1_PKvS4_S6_RNS1_16__dyncast_resultE
                0x0800d064       0x80 d:/programfiles/gnu arm embedded toolchain/10 2021.10/bin/../lib/gcc/arm-none-eabi/10.3.1/../../../../arm-none-eabi/lib/thumb/v7e-m+fp/hard\libstdc++.a(si_class_type_info.o)
                0x0800d064                __cxxabiv1::__si_class_type_info::__do_dyncast(int, __cxxabiv1::__class_type_info::__sub_kind, __cxxabiv1::__class_type_info const*, void const*, __cxxabiv1::__class_type_info const*, void const*, __cxxabiv1::__class_type_info::__dyncast_result&) const
 .text._ZNK10__cxxabiv120__si_class_type_info11__do_upcastEPKNS_17__class_type_infoEPKvRNS1_15__upcast_resultE
                0x0800d0e4       0x2c d:/programfiles/gnu arm embedded toolchain/10 2021.10/bin/../lib/gcc/arm-none-eabi/10.3.1/../../../../arm-none-eabi/lib/thumb/v7e-m+fp/hard\libstdc++.a(si_class_type_info.o)
                0x0800d0e4                __cxxabiv1::__si_class_type_info::__do_upcast(__cxxabiv1::__class_type_info const*, void const*, __cxxabiv1::__class_type_info::__upcast_result&) const
 .text._ZNSt9type_infoD2Ev
                0x0800d110        0x4 d:/programfiles/gnu arm embedded toolchain/10 2021.10/bin/../lib/gcc/arm-none-eabi/10.3.1/../../../../arm-none-eabi/lib/thumb/v7e-m+fp/hard\libstdc++.a(tinfo.o)
                0x0800d110                std::type_info::~type_info()
                0x0800d110                std::type_info::~type_info()
 .text._ZNKSt9type_info14__is_pointer_pEv
                0x0800d114        0x4 d:/programfiles/gnu arm embedded toolchain/10 2021.10/bin/../lib/gcc/arm-none-eabi/10.3.1/../../../../arm-none-eabi/lib/thumb/v7e-m+fp/hard\libstdc++.a(tinfo.o)
                0x0800d114                std::type_info::__is_pointer_p() const
                0x0800d114                std::type_info::__is_function_p() const
 .text._ZNKSt9type_infoeqERKS_
                0x0800d118       0x2c d:/programfiles/gnu arm embedded toolchain/10 2021.10/bin/../lib/gcc/arm-none-eabi/10.3.1/../../../../arm-none-eabi/lib/thumb/v7e-m+fp/hard\libstdc++.a(tinfo.o)
                0x0800d118                std::type_info::operator==(std::type_info const&) const
 .text._ZN9__gnu_cxx27__verbose_terminate_handlerEv
                0x0800d144      0x10c d:/programfiles/gnu arm embedded toolchain/10 2021.10/bin/../lib/gcc/arm-none-eabi/10.3.1/../../../../arm-none-eabi/lib/thumb/v7e-m+fp/hard\libstdc++.a(vterminate.o)
                0x0800d144                __gnu_cxx::__verbose_terminate_handler()
 .text._ZNK10__cxxabiv117__class_type_info11__do_upcastEPKS0_PPv
                0x0800d250       0x34 d:/programfiles/gnu arm embedded toolchain/10 2021.10/bin/../lib/gcc/arm-none-eabi/10.3.1/../../../../arm-none-eabi/lib/thumb/v7e-m+fp/hard\libstdc++.a(class_type_info.o)
                0x0800d250                __cxxabiv1::__class_type_info::__do_upcast(__cxxabiv1::__class_type_info const*, void**) const
 .text._ZNK10__cxxabiv117__class_type_info20__do_find_public_srcEiPKvPKS0_S2_
                0x0800d284        0xc d:/programfiles/gnu arm embedded toolchain/10 2021.10/bin/../lib/gcc/arm-none-eabi/10.3.1/../../../../arm-none-eabi/lib/thumb/v7e-m+fp/hard\libstdc++.a(class_type_info.o)
                0x0800d284                __cxxabiv1::__class_type_info::__do_find_public_src(int, void const*, __cxxabiv1::__class_type_info const*, void const*) const
 .text._ZN10__cxxabiv117__class_type_infoD2Ev
                0x0800d290       0x14 d:/programfiles/gnu arm embedded toolchain/10 2021.10/bin/../lib/gcc/arm-none-eabi/10.3.1/../../../../arm-none-eabi/lib/thumb/v7e-m+fp/hard\libstdc++.a(class_type_info.o)
                0x0800d290                __cxxabiv1::__class_type_info::~__class_type_info()
                0x0800d290                __cxxabiv1::__class_type_info::~__class_type_info()
 .text._ZN10__cxxabiv117__class_type_infoD0Ev
                0x0800d2a4       0x1c d:/programfiles/gnu arm embedded toolchain/10 2021.10/bin/../lib/gcc/arm-none-eabi/10.3.1/../../../../arm-none-eabi/lib/thumb/v7e-m+fp/hard\libstdc++.a(class_type_info.o)
                0x0800d2a4                __cxxabiv1::__class_type_info::~__class_type_info()
 .text._ZNK10__cxxabiv117__class_type_info12__do_dyncastEiNS0_10__sub_kindEPKS0_PKvS3_S5_RNS0_16__dyncast_resultE
                0x0800d2c0       0x44 d:/programfiles/gnu arm embedded toolchain/10 2021.10/bin/../lib/gcc/arm-none-eabi/10.3.1/../../../../arm-none-eabi/lib/thumb/v7e-m+fp/hard\libstdc++.a(class_type_info.o)
                0x0800d2c0                __cxxabiv1::__class_type_info::__do_dyncast(int, __cxxabiv1::__class_type_info::__sub_kind, __cxxabiv1::__class_type_info const*, void const*, __cxxabiv1::__class_type_info const*, void const*, __cxxabiv1::__class_type_info::__dyncast_result&) const
 .text._ZNK10__cxxabiv117__class_type_info11__do_upcastEPKS0_PKvRNS0_15__upcast_resultE
                0x0800d304       0x1c d:/programfiles/gnu arm embedded toolchain/10 2021.10/bin/../lib/gcc/arm-none-eabi/10.3.1/../../../../arm-none-eabi/lib/thumb/v7e-m+fp/hard\libstdc++.a(class_type_info.o)
                0x0800d304                __cxxabiv1::__class_type_info::__do_upcast(__cxxabiv1::__class_type_info const*, void const*, __cxxabiv1::__class_type_info::__upcast_result&) const
 .text._ZNK10__cxxabiv117__class_type_info10__do_catchEPKSt9type_infoPPvj
                0x0800d320       0x2c d:/programfiles/gnu arm embedded toolchain/10 2021.10/bin/../lib/gcc/arm-none-eabi/10.3.1/../../../../arm-none-eabi/lib/thumb/v7e-m+fp/hard\libstdc++.a(class_type_info.o)
                0x0800d320                __cxxabiv1::__class_type_info::__do_catch(std::type_info const*, void**, unsigned int) const
 .text._ZdlPv   0x0800d34c        0x4 d:/programfiles/gnu arm embedded toolchain/10 2021.10/bin/../lib/gcc/arm-none-eabi/10.3.1/../../../../arm-none-eabi/lib/thumb/v7e-m+fp/hard\libstdc++.a(del_op.o)
                0x0800d34c                operator delete(void*)
 .text._ZN12_GLOBAL__N_14pool4freeEPv.constprop.0
                0x0800d350       0x88 d:/programfiles/gnu arm embedded toolchain/10 2021.10/bin/../lib/gcc/arm-none-eabi/10.3.1/../../../../arm-none-eabi/lib/thumb/v7e-m+fp/hard\libstdc++.a(eh_alloc.o)
 .text._ZN12_GLOBAL__N_14pool8allocateEj.constprop.0
                0x0800d3d8       0x58 d:/programfiles/gnu arm embedded toolchain/10 2021.10/bin/../lib/gcc/arm-none-eabi/10.3.1/../../../../arm-none-eabi/lib/thumb/v7e-m+fp/hard\libstdc++.a(eh_alloc.o)
 .text.__cxa_allocate_exception
                0x0800d430       0x30 d:/programfiles/gnu arm embedded toolchain/10 2021.10/bin/../lib/gcc/arm-none-eabi/10.3.1/../../../../arm-none-eabi/lib/thumb/v7e-m+fp/hard\libstdc++.a(eh_alloc.o)
                0x0800d430                __cxa_allocate_exception
 .text.__cxa_free_exception
                0x0800d460       0x20 d:/programfiles/gnu arm embedded toolchain/10 2021.10/bin/../lib/gcc/arm-none-eabi/10.3.1/../../../../arm-none-eabi/lib/thumb/v7e-m+fp/hard\libstdc++.a(eh_alloc.o)
                0x0800d460                __cxa_free_exception
 .text.startup._GLOBAL__sub_I__ZN9__gnu_cxx9__freeresEv
                0x0800d480       0x28 d:/programfiles/gnu arm embedded toolchain/10 2021.10/bin/../lib/gcc/arm-none-eabi/10.3.1/../../../../arm-none-eabi/lib/thumb/v7e-m+fp/hard\libstdc++.a(eh_alloc.o)
 .text._ZN10__cxxabiv1L24__is_gxx_exception_classEPc
                0x0800d4a8       0x3c d:/programfiles/gnu arm embedded toolchain/10 2021.10/bin/../lib/gcc/arm-none-eabi/10.3.1/../../../../arm-none-eabi/lib/thumb/v7e-m+fp/hard\libstdc++.a(eh_call.o)
 .text.__cxa_call_terminate
                0x0800d4e4       0x20 d:/programfiles/gnu arm embedded toolchain/10 2021.10/bin/../lib/gcc/arm-none-eabi/10.3.1/../../../../arm-none-eabi/lib/thumb/v7e-m+fp/hard\libstdc++.a(eh_call.o)
                0x0800d4e4                __cxa_call_terminate
 .text.unlikely.__cxa_call_unexpected
                0x0800d504       0xe4 d:/programfiles/gnu arm embedded toolchain/10 2021.10/bin/../lib/gcc/arm-none-eabi/10.3.1/../../../../arm-none-eabi/lib/thumb/v7e-m+fp/hard\libstdc++.a(eh_call.o)
                0x0800d504                __cxa_call_unexpected
 .text.__cxa_begin_catch
                0x0800d5e8       0x7c d:/programfiles/gnu arm embedded toolchain/10 2021.10/bin/../lib/gcc/arm-none-eabi/10.3.1/../../../../arm-none-eabi/lib/thumb/v7e-m+fp/hard\libstdc++.a(eh_catch.o)
                0x0800d5e8                __cxa_begin_catch
 .text.__cxa_end_catch
                0x0800d664       0x8c d:/programfiles/gnu arm embedded toolchain/10 2021.10/bin/../lib/gcc/arm-none-eabi/10.3.1/../../../../arm-none-eabi/lib/thumb/v7e-m+fp/hard\libstdc++.a(eh_catch.o)
                0x0800d664                __cxa_end_catch
 .text._ZL23__gxx_exception_cleanup19_Unwind_Reason_CodeP21_Unwind_Control_Block
                0x0800d6f0       0x4c d:/programfiles/gnu arm embedded toolchain/10 2021.10/bin/../lib/gcc/arm-none-eabi/10.3.1/../../../../arm-none-eabi/lib/thumb/v7e-m+fp/hard\libstdc++.a(eh_throw.o)
 .text.__cxa_init_primary_exception
                0x0800d73c       0x58 d:/programfiles/gnu arm embedded toolchain/10 2021.10/bin/../lib/gcc/arm-none-eabi/10.3.1/../../../../arm-none-eabi/lib/thumb/v7e-m+fp/hard\libstdc++.a(eh_throw.o)
                0x0800d73c                __cxa_init_primary_exception
 .text.__cxa_throw
                0x0800d794       0x38 d:/programfiles/gnu arm embedded toolchain/10 2021.10/bin/../lib/gcc/arm-none-eabi/10.3.1/../../../../arm-none-eabi/lib/thumb/v7e-m+fp/hard\libstdc++.a(eh_throw.o)
                0x0800d794                __cxa_throw
 .text.__cxa_rethrow
                0x0800d7cc       0x70 d:/programfiles/gnu arm embedded toolchain/10 2021.10/bin/../lib/gcc/arm-none-eabi/10.3.1/../../../../arm-none-eabi/lib/thumb/v7e-m+fp/hard\libstdc++.a(eh_throw.o)
                0x0800d7cc                __cxa_rethrow
 .text.__cxa_current_exception_type
                0x0800d83c       0x1c d:/programfiles/gnu arm embedded toolchain/10 2021.10/bin/../lib/gcc/arm-none-eabi/10.3.1/../../../../arm-none-eabi/lib/thumb/v7e-m+fp/hard\libstdc++.a(eh_type.o)
                0x0800d83c                __cxa_current_exception_type
 .text.unlikely
                0x0800d858        0xc d:/programfiles/gnu arm embedded toolchain/10 2021.10/bin/../lib/gcc/arm-none-eabi/10.3.1/thumb/v7e-m+fp/hard\libgcc.a(pr-support.o)
                0x0800d858                _Unwind_GetDataRelBase
                0x0800d85e                _Unwind_GetTextRelBase
 .text.abort    0x0800d864       0x10 d:/programfiles/gnu arm embedded toolchain/10 2021.10/bin/../lib/gcc/arm-none-eabi/10.3.1/../../../../arm-none-eabi/lib/thumb/v7e-m+fp/hard\libg.a(lib_a-abort.o)
                0x0800d864                abort
 .text.__cxa_atexit
                0x0800d874        0xc d:/programfiles/gnu arm embedded toolchain/10 2021.10/bin/../lib/gcc/arm-none-eabi/10.3.1/../../../../arm-none-eabi/lib/thumb/v7e-m+fp/hard\libg.a(lib_a-cxa_atexit.o)
                0x0800d874                __cxa_atexit
 .text.__errno  0x0800d880        0xc d:/programfiles/gnu arm embedded toolchain/10 2021.10/bin/../lib/gcc/arm-none-eabi/10.3.1/../../../../arm-none-eabi/lib/thumb/v7e-m+fp/hard\libg.a(lib_a-errno.o)
                0x0800d880                __errno
 .text.fputc    0x0800d88c       0x64 d:/programfiles/gnu arm embedded toolchain/10 2021.10/bin/../lib/gcc/arm-none-eabi/10.3.1/../../../../arm-none-eabi/lib/thumb/v7e-m+fp/hard\libg.a(lib_a-fputc.o)
                0x0800d88c                fputc
 .text._fputs_r
                0x0800d8f0       0x88 d:/programfiles/gnu arm embedded toolchain/10 2021.10/bin/../lib/gcc/arm-none-eabi/10.3.1/../../../../arm-none-eabi/lib/thumb/v7e-m+fp/hard\libg.a(lib_a-fputs.o)
                0x0800d8f0                _fputs_r
 .text.fputs    0x0800d978       0x18 d:/programfiles/gnu arm embedded toolchain/10 2021.10/bin/../lib/gcc/arm-none-eabi/10.3.1/../../../../arm-none-eabi/lib/thumb/v7e-m+fp/hard\libg.a(lib_a-fputs.o)
                0x0800d978                fputs
 .text.__sfvwrite_r
                0x0800d990      0x2f0 d:/programfiles/gnu arm embedded toolchain/10 2021.10/bin/../lib/gcc/arm-none-eabi/10.3.1/../../../../arm-none-eabi/lib/thumb/v7e-m+fp/hard\libg.a(lib_a-fvwrite.o)
                0x0800d990                __sfvwrite_r
 .text._fwrite_r
                0x0800dc80       0xa8 d:/programfiles/gnu arm embedded toolchain/10 2021.10/bin/../lib/gcc/arm-none-eabi/10.3.1/../../../../arm-none-eabi/lib/thumb/v7e-m+fp/hard\libg.a(lib_a-fwrite.o)
                0x0800dc80                _fwrite_r
 .text.fwrite   0x0800dd28       0x20 d:/programfiles/gnu arm embedded toolchain/10 2021.10/bin/../lib/gcc/arm-none-eabi/10.3.1/../../../../arm-none-eabi/lib/thumb/v7e-m+fp/hard\libg.a(lib_a-fwrite.o)
                0x0800dd28                fwrite
 .text.__libc_init_array
                0x0800dd48       0x48 d:/programfiles/gnu arm embedded toolchain/10 2021.10/bin/../lib/gcc/arm-none-eabi/10.3.1/../../../../arm-none-eabi/lib/thumb/v7e-m+fp/hard\libg.a(lib_a-init.o)
                0x0800dd48                __libc_init_array
 .text.__retarget_lock_init_recursive
                0x0800dd90        0x4 d:/programfiles/gnu arm embedded toolchain/10 2021.10/bin/../lib/gcc/arm-none-eabi/10.3.1/../../../../arm-none-eabi/lib/thumb/v7e-m+fp/hard\libg.a(lib_a-lock.o)
                0x0800dd90                __retarget_lock_init_recursive
 .text.__retarget_lock_close_recursive
                0x0800dd94        0x4 d:/programfiles/gnu arm embedded toolchain/10 2021.10/bin/../lib/gcc/arm-none-eabi/10.3.1/../../../../arm-none-eabi/lib/thumb/v7e-m+fp/hard\libg.a(lib_a-lock.o)
                0x0800dd94                __retarget_lock_close_recursive
 .text.__retarget_lock_acquire_recursive
                0x0800dd98        0x4 d:/programfiles/gnu arm embedded toolchain/10 2021.10/bin/../lib/gcc/arm-none-eabi/10.3.1/../../../../arm-none-eabi/lib/thumb/v7e-m+fp/hard\libg.a(lib_a-lock.o)
                0x0800dd98                __retarget_lock_acquire_recursive
 .text.__retarget_lock_release_recursive
                0x0800dd9c        0x4 d:/programfiles/gnu arm embedded toolchain/10 2021.10/bin/../lib/gcc/arm-none-eabi/10.3.1/../../../../arm-none-eabi/lib/thumb/v7e-m+fp/hard\libg.a(lib_a-lock.o)
                0x0800dd9c                __retarget_lock_release_recursive
 .text.malloc   0x0800dda0       0x10 d:/programfiles/gnu arm embedded toolchain/10 2021.10/bin/../lib/gcc/arm-none-eabi/10.3.1/../../../../arm-none-eabi/lib/thumb/v7e-m+fp/hard\libg.a(lib_a-malloc.o)
                0x0800dda0                malloc
 .text.free     0x0800ddb0       0x10 d:/programfiles/gnu arm embedded toolchain/10 2021.10/bin/../lib/gcc/arm-none-eabi/10.3.1/../../../../arm-none-eabi/lib/thumb/v7e-m+fp/hard\libg.a(lib_a-malloc.o)
                0x0800ddb0                free
 .text._malloc_r
                0x0800ddc0      0x560 d:/programfiles/gnu arm embedded toolchain/10 2021.10/bin/../lib/gcc/arm-none-eabi/10.3.1/../../../../arm-none-eabi/lib/thumb/v7e-m+fp/hard\libg.a(lib_a-mallocr.o)
                0x0800ddc0                _malloc_r
 .text.memcmp   0x0800e320       0x64 d:/programfiles/gnu arm embedded toolchain/10 2021.10/bin/../lib/gcc/arm-none-eabi/10.3.1/../../../../arm-none-eabi/lib/thumb/v7e-m+fp/hard\libg.a(lib_a-memcmp.o)
                0x0800e320                memcmp
 .text.memmove  0x0800e384       0xf8 d:/programfiles/gnu arm embedded toolchain/10 2021.10/bin/../lib/gcc/arm-none-eabi/10.3.1/../../../../arm-none-eabi/lib/thumb/v7e-m+fp/hard\libg.a(lib_a-memmove.o)
                0x0800e384                memmove
 .text.memset   0x0800e47c       0xa4 d:/programfiles/gnu arm embedded toolchain/10 2021.10/bin/../lib/gcc/arm-none-eabi/10.3.1/../../../../arm-none-eabi/lib/thumb/v7e-m+fp/hard\libg.a(lib_a-memset.o)
                0x0800e47c                memset
 .text.__malloc_lock
                0x0800e520        0xc d:/programfiles/gnu arm embedded toolchain/10 2021.10/bin/../lib/gcc/arm-none-eabi/10.3.1/../../../../arm-none-eabi/lib/thumb/v7e-m+fp/hard\libg.a(lib_a-mlock.o)
                0x0800e520                __malloc_lock
 .text.__malloc_unlock
                0x0800e52c        0xc d:/programfiles/gnu arm embedded toolchain/10 2021.10/bin/../lib/gcc/arm-none-eabi/10.3.1/../../../../arm-none-eabi/lib/thumb/v7e-m+fp/hard\libg.a(lib_a-mlock.o)
                0x0800e52c                __malloc_unlock
 .text.printf   0x0800e538       0x28 d:/programfiles/gnu arm embedded toolchain/10 2021.10/bin/../lib/gcc/arm-none-eabi/10.3.1/../../../../arm-none-eabi/lib/thumb/v7e-m+fp/hard\libg.a(lib_a-printf.o)
                0x0800e538                printf
 .text._putc_r  0x0800e560       0x74 d:/programfiles/gnu arm embedded toolchain/10 2021.10/bin/../lib/gcc/arm-none-eabi/10.3.1/../../../../arm-none-eabi/lib/thumb/v7e-m+fp/hard\libg.a(lib_a-putc.o)
                0x0800e560                _putc_r
 .text.realloc  0x0800e5d4       0x18 d:/programfiles/gnu arm embedded toolchain/10 2021.10/bin/../lib/gcc/arm-none-eabi/10.3.1/../../../../arm-none-eabi/lib/thumb/v7e-m+fp/hard\libg.a(lib_a-realloc.o)
                0x0800e5d4                realloc
 .text._realloc_r
                0x0800e5ec      0x3d8 d:/programfiles/gnu arm embedded toolchain/10 2021.10/bin/../lib/gcc/arm-none-eabi/10.3.1/../../../../arm-none-eabi/lib/thumb/v7e-m+fp/hard\libg.a(lib_a-reallocr.o)
                0x0800e5ec                _realloc_r
 .text._sbrk_r  0x0800e9c4       0x24 d:/programfiles/gnu arm embedded toolchain/10 2021.10/bin/../lib/gcc/arm-none-eabi/10.3.1/../../../../arm-none-eabi/lib/thumb/v7e-m+fp/hard\libg.a(lib_a-sbrkr.o)
                0x0800e9c4                _sbrk_r
 .text.raise    0x0800e9e8       0x5c d:/programfiles/gnu arm embedded toolchain/10 2021.10/bin/../lib/gcc/arm-none-eabi/10.3.1/../../../../arm-none-eabi/lib/thumb/v7e-m+fp/hard\libg.a(lib_a-signal.o)
                0x0800e9e8                raise
 .text._kill_r  0x0800ea44       0x2c d:/programfiles/gnu arm embedded toolchain/10 2021.10/bin/../lib/gcc/arm-none-eabi/10.3.1/../../../../arm-none-eabi/lib/thumb/v7e-m+fp/hard\libg.a(lib_a-signalr.o)
                0x0800ea44                _kill_r
 .text._getpid_r
                0x0800ea70        0x4 d:/programfiles/gnu arm embedded toolchain/10 2021.10/bin/../lib/gcc/arm-none-eabi/10.3.1/../../../../arm-none-eabi/lib/thumb/v7e-m+fp/hard\libg.a(lib_a-signalr.o)
                0x0800ea70                _getpid_r
 .text.sprintf  0x0800ea74       0x40 d:/programfiles/gnu arm embedded toolchain/10 2021.10/bin/../lib/gcc/arm-none-eabi/10.3.1/../../../../arm-none-eabi/lib/thumb/v7e-m+fp/hard\libg.a(lib_a-sprintf.o)
                0x0800ea74                sprintf
 .text.strncmp  0x0800eab4       0x80 d:/programfiles/gnu arm embedded toolchain/10 2021.10/bin/../lib/gcc/arm-none-eabi/10.3.1/../../../../arm-none-eabi/lib/thumb/v7e-m+fp/hard\libg.a(lib_a-strncmp.o)
                0x0800eab4                strncmp
 *fill*         0x0800eb34        0x4 
 .text._svfprintf_r
                0x0800eb38     0x1acc d:/programfiles/gnu arm embedded toolchain/10 2021.10/bin/../lib/gcc/arm-none-eabi/10.3.1/../../../../arm-none-eabi/lib/thumb/v7e-m+fp/hard\libg.a(lib_a-svfprintf.o)
                0x0800eb38                _svfprintf_r
 *fill*         0x08010604        0x4 
 .text._vfprintf_r
                0x08010608     0x1b90 d:/programfiles/gnu arm embedded toolchain/10 2021.10/bin/../lib/gcc/arm-none-eabi/10.3.1/../../../../arm-none-eabi/lib/thumb/v7e-m+fp/hard\libg.a(lib_a-vfprintf.o)
                0x08010608                _vfprintf_r
 .text.__sbprintf
                0x08012198       0x80 d:/programfiles/gnu arm embedded toolchain/10 2021.10/bin/../lib/gcc/arm-none-eabi/10.3.1/../../../../arm-none-eabi/lib/thumb/v7e-m+fp/hard\libg.a(lib_a-vfprintf.o)
 .text.__swbuf_r
                0x08012218       0xb0 d:/programfiles/gnu arm embedded toolchain/10 2021.10/bin/../lib/gcc/arm-none-eabi/10.3.1/../../../../arm-none-eabi/lib/thumb/v7e-m+fp/hard\libg.a(lib_a-wbuf.o)
                0x08012218                __swbuf_r
 .text._write_r
                0x080122c8       0x2c d:/programfiles/gnu arm embedded toolchain/10 2021.10/bin/../lib/gcc/arm-none-eabi/10.3.1/../../../../arm-none-eabi/lib/thumb/v7e-m+fp/hard\libg.a(lib_a-writer.o)
                0x080122c8                _write_r
 .text.__swsetup_r
                0x080122f4       0xd4 d:/programfiles/gnu arm embedded toolchain/10 2021.10/bin/../lib/gcc/arm-none-eabi/10.3.1/../../../../arm-none-eabi/lib/thumb/v7e-m+fp/hard\libg.a(lib_a-wsetup.o)
                0x080122f4                __swsetup_r
 .text.__register_exitproc
                0x080123c8       0x8c d:/programfiles/gnu arm embedded toolchain/10 2021.10/bin/../lib/gcc/arm-none-eabi/10.3.1/../../../../arm-none-eabi/lib/thumb/v7e-m+fp/hard\libg.a(lib_a-__atexit.o)
                0x080123c8                __register_exitproc
 .text.startup.register_fini
                0x08012454       0x14 d:/programfiles/gnu arm embedded toolchain/10 2021.10/bin/../lib/gcc/arm-none-eabi/10.3.1/../../../../arm-none-eabi/lib/thumb/v7e-m+fp/hard\libg.a(lib_a-__call_atexit.o)
 .text.atexit   0x08012468        0xc d:/programfiles/gnu arm embedded toolchain/10 2021.10/bin/../lib/gcc/arm-none-eabi/10.3.1/../../../../arm-none-eabi/lib/thumb/v7e-m+fp/hard\libg.a(lib_a-atexit.o)
                0x08012468                atexit
 .text.quorem   0x08012474      0x128 d:/programfiles/gnu arm embedded toolchain/10 2021.10/bin/../lib/gcc/arm-none-eabi/10.3.1/../../../../arm-none-eabi/lib/thumb/v7e-m+fp/hard\libg.a(lib_a-dtoa.o)
 *fill*         0x0801259c        0x4 
 .text._dtoa_r  0x080125a0      0xf3c d:/programfiles/gnu arm embedded toolchain/10 2021.10/bin/../lib/gcc/arm-none-eabi/10.3.1/../../../../arm-none-eabi/lib/thumb/v7e-m+fp/hard\libg.a(lib_a-dtoa.o)
                0x080125a0                _dtoa_r
 .text.__sflush_r
                0x080134dc      0x130 d:/programfiles/gnu arm embedded toolchain/10 2021.10/bin/../lib/gcc/arm-none-eabi/10.3.1/../../../../arm-none-eabi/lib/thumb/v7e-m+fp/hard\libg.a(lib_a-fflush.o)
                0x080134dc                __sflush_r
 .text._fflush_r
                0x0801360c       0x5c d:/programfiles/gnu arm embedded toolchain/10 2021.10/bin/../lib/gcc/arm-none-eabi/10.3.1/../../../../arm-none-eabi/lib/thumb/v7e-m+fp/hard\libg.a(lib_a-fflush.o)
                0x0801360c                _fflush_r
 .text._cleanup_r
                0x08013668        0xc d:/programfiles/gnu arm embedded toolchain/10 2021.10/bin/../lib/gcc/arm-none-eabi/10.3.1/../../../../arm-none-eabi/lib/thumb/v7e-m+fp/hard\libg.a(lib_a-findfp.o)
                0x08013668                _cleanup_r
 .text.__sinit  0x08013674      0x10c d:/programfiles/gnu arm embedded toolchain/10 2021.10/bin/../lib/gcc/arm-none-eabi/10.3.1/../../../../arm-none-eabi/lib/thumb/v7e-m+fp/hard\libg.a(lib_a-findfp.o)
                0x08013674                __sinit
 .text.__sfp_lock_acquire
                0x08013780        0xc d:/programfiles/gnu arm embedded toolchain/10 2021.10/bin/../lib/gcc/arm-none-eabi/10.3.1/../../../../arm-none-eabi/lib/thumb/v7e-m+fp/hard\libg.a(lib_a-findfp.o)
                0x08013780                __sfp_lock_acquire
 .text.__sfp_lock_release
                0x0801378c        0xc d:/programfiles/gnu arm embedded toolchain/10 2021.10/bin/../lib/gcc/arm-none-eabi/10.3.1/../../../../arm-none-eabi/lib/thumb/v7e-m+fp/hard\libg.a(lib_a-findfp.o)
                0x0801378c                __sfp_lock_release
 .text.__libc_fini_array
                0x08013798       0x2c d:/programfiles/gnu arm embedded toolchain/10 2021.10/bin/../lib/gcc/arm-none-eabi/10.3.1/../../../../arm-none-eabi/lib/thumb/v7e-m+fp/hard\libg.a(lib_a-fini.o)
                0x08013798                __libc_fini_array
 .text._malloc_trim_r
                0x080137c4       0xa0 d:/programfiles/gnu arm embedded toolchain/10 2021.10/bin/../lib/gcc/arm-none-eabi/10.3.1/../../../../arm-none-eabi/lib/thumb/v7e-m+fp/hard\libg.a(lib_a-freer.o)
                0x080137c4                _malloc_trim_r
 .text._free_r  0x08013864      0x20c d:/programfiles/gnu arm embedded toolchain/10 2021.10/bin/../lib/gcc/arm-none-eabi/10.3.1/../../../../arm-none-eabi/lib/thumb/v7e-m+fp/hard\libg.a(lib_a-freer.o)
                0x08013864                _free_r
 .text._fwalk_reent
                0x08013a70       0x48 d:/programfiles/gnu arm embedded toolchain/10 2021.10/bin/../lib/gcc/arm-none-eabi/10.3.1/../../../../arm-none-eabi/lib/thumb/v7e-m+fp/hard\libg.a(lib_a-fwalk.o)
                0x08013a70                _fwalk_reent
 .text._localeconv_r
                0x08013ab8        0x8 d:/programfiles/gnu arm embedded toolchain/10 2021.10/bin/../lib/gcc/arm-none-eabi/10.3.1/../../../../arm-none-eabi/lib/thumb/v7e-m+fp/hard\libg.a(lib_a-localeconv.o)
                0x08013ab8                _localeconv_r
 .text.__smakebuf_r
                0x08013ac0       0xe0 d:/programfiles/gnu arm embedded toolchain/10 2021.10/bin/../lib/gcc/arm-none-eabi/10.3.1/../../../../arm-none-eabi/lib/thumb/v7e-m+fp/hard\libg.a(lib_a-makebuf.o)
                0x08013ac0                __smakebuf_r
 .text._Balloc  0x08013ba0       0x4c d:/programfiles/gnu arm embedded toolchain/10 2021.10/bin/../lib/gcc/arm-none-eabi/10.3.1/../../../../arm-none-eabi/lib/thumb/v7e-m+fp/hard\libg.a(lib_a-mprec.o)
                0x08013ba0                _Balloc
 .text._Bfree   0x08013bec       0x14 d:/programfiles/gnu arm embedded toolchain/10 2021.10/bin/../lib/gcc/arm-none-eabi/10.3.1/../../../../arm-none-eabi/lib/thumb/v7e-m+fp/hard\libg.a(lib_a-mprec.o)
                0x08013bec                _Bfree
 .text.__multadd
                0x08013c00       0xa8 d:/programfiles/gnu arm embedded toolchain/10 2021.10/bin/../lib/gcc/arm-none-eabi/10.3.1/../../../../arm-none-eabi/lib/thumb/v7e-m+fp/hard\libg.a(lib_a-mprec.o)
                0x08013c00                __multadd
 .text.__hi0bits
                0x08013ca8       0x40 d:/programfiles/gnu arm embedded toolchain/10 2021.10/bin/../lib/gcc/arm-none-eabi/10.3.1/../../../../arm-none-eabi/lib/thumb/v7e-m+fp/hard\libg.a(lib_a-mprec.o)
                0x08013ca8                __hi0bits
 .text.__lo0bits
                0x08013ce8       0x60 d:/programfiles/gnu arm embedded toolchain/10 2021.10/bin/../lib/gcc/arm-none-eabi/10.3.1/../../../../arm-none-eabi/lib/thumb/v7e-m+fp/hard\libg.a(lib_a-mprec.o)
                0x08013ce8                __lo0bits
 .text.__i2b    0x08013d48       0x5c d:/programfiles/gnu arm embedded toolchain/10 2021.10/bin/../lib/gcc/arm-none-eabi/10.3.1/../../../../arm-none-eabi/lib/thumb/v7e-m+fp/hard\libg.a(lib_a-mprec.o)
                0x08013d48                __i2b
 .text.__multiply
                0x08013da4      0x15c d:/programfiles/gnu arm embedded toolchain/10 2021.10/bin/../lib/gcc/arm-none-eabi/10.3.1/../../../../arm-none-eabi/lib/thumb/v7e-m+fp/hard\libg.a(lib_a-mprec.o)
                0x08013da4                __multiply
 .text.__pow5mult
                0x08013f00       0xc0 d:/programfiles/gnu arm embedded toolchain/10 2021.10/bin/../lib/gcc/arm-none-eabi/10.3.1/../../../../arm-none-eabi/lib/thumb/v7e-m+fp/hard\libg.a(lib_a-mprec.o)
                0x08013f00                __pow5mult
 .text.__lshift
                0x08013fc0       0xf0 d:/programfiles/gnu arm embedded toolchain/10 2021.10/bin/../lib/gcc/arm-none-eabi/10.3.1/../../../../arm-none-eabi/lib/thumb/v7e-m+fp/hard\libg.a(lib_a-mprec.o)
                0x08013fc0                __lshift
 .text.__mcmp   0x080140b0       0x44 d:/programfiles/gnu arm embedded toolchain/10 2021.10/bin/../lib/gcc/arm-none-eabi/10.3.1/../../../../arm-none-eabi/lib/thumb/v7e-m+fp/hard\libg.a(lib_a-mprec.o)
                0x080140b0                __mcmp
 .text.__mdiff  0x080140f4      0x14c d:/programfiles/gnu arm embedded toolchain/10 2021.10/bin/../lib/gcc/arm-none-eabi/10.3.1/../../../../arm-none-eabi/lib/thumb/v7e-m+fp/hard\libg.a(lib_a-mprec.o)
                0x080140f4                __mdiff
 .text.__d2b    0x08014240       0xd0 d:/programfiles/gnu arm embedded toolchain/10 2021.10/bin/../lib/gcc/arm-none-eabi/10.3.1/../../../../arm-none-eabi/lib/thumb/v7e-m+fp/hard\libg.a(lib_a-mprec.o)
                0x08014240                __d2b
 .text.frexp    0x08014310       0x6c d:/programfiles/gnu arm embedded toolchain/10 2021.10/bin/../lib/gcc/arm-none-eabi/10.3.1/../../../../arm-none-eabi/lib/thumb/v7e-m+fp/hard\libg.a(lib_a-s_frexp.o)
                0x08014310                frexp
 .text.__sread  0x0801437c       0x24 d:/programfiles/gnu arm embedded toolchain/10 2021.10/bin/../lib/gcc/arm-none-eabi/10.3.1/../../../../arm-none-eabi/lib/thumb/v7e-m+fp/hard\libg.a(lib_a-stdio.o)
                0x0801437c                __sread
 .text.__swrite
                0x080143a0       0x40 d:/programfiles/gnu arm embedded toolchain/10 2021.10/bin/../lib/gcc/arm-none-eabi/10.3.1/../../../../arm-none-eabi/lib/thumb/v7e-m+fp/hard\libg.a(lib_a-stdio.o)
                0x080143a0                __swrite
 .text.__sseek  0x080143e0       0x20 d:/programfiles/gnu arm embedded toolchain/10 2021.10/bin/../lib/gcc/arm-none-eabi/10.3.1/../../../../arm-none-eabi/lib/thumb/v7e-m+fp/hard\libg.a(lib_a-stdio.o)
                0x080143e0                __sseek
 .text.__sclose
                0x08014400        0x8 d:/programfiles/gnu arm embedded toolchain/10 2021.10/bin/../lib/gcc/arm-none-eabi/10.3.1/../../../../arm-none-eabi/lib/thumb/v7e-m+fp/hard\libg.a(lib_a-stdio.o)
                0x08014400                __sclose
 .text.strncpy  0x08014408       0x64 d:/programfiles/gnu arm embedded toolchain/10 2021.10/bin/../lib/gcc/arm-none-eabi/10.3.1/../../../../arm-none-eabi/lib/thumb/v7e-m+fp/hard\libg.a(lib_a-strncpy.o)
                0x08014408                strncpy
 .text.__ssprint_r
                0x0801446c       0xf8 d:/programfiles/gnu arm embedded toolchain/10 2021.10/bin/../lib/gcc/arm-none-eabi/10.3.1/../../../../arm-none-eabi/lib/thumb/v7e-m+fp/hard\libg.a(lib_a-svfiprintf.o)
                0x0801446c                __ssprint_r
 .text.__sprint_r.part.0
                0x08014564       0x78 d:/programfiles/gnu arm embedded toolchain/10 2021.10/bin/../lib/gcc/arm-none-eabi/10.3.1/../../../../arm-none-eabi/lib/thumb/v7e-m+fp/hard\libg.a(lib_a-vfiprintf.o)
 .text.__sprint_r
                0x080145dc       0x18 d:/programfiles/gnu arm embedded toolchain/10 2021.10/bin/../lib/gcc/arm-none-eabi/10.3.1/../../../../arm-none-eabi/lib/thumb/v7e-m+fp/hard\libg.a(lib_a-vfiprintf.o)
                0x080145dc                __sprint_r
 .text._vfiprintf_r